Archive member included to satisfy reference by file (symbol)

d:/software_files_technical_bank/truestudio for stm32 9.3.0/armtools/bin/../lib/gcc/arm-atollic-eabi/6.3.1/../../../../arm-atollic-eabi/lib/armv7-m\libc_nano.a(lib_a-errno.o)
                              Src\syscalls.o (__errno)
d:/software_files_technical_bank/truestudio for stm32 9.3.0/armtools/bin/../lib/gcc/arm-atollic-eabi/6.3.1/../../../../arm-atollic-eabi/lib/armv7-m\libc_nano.a(lib_a-impure.o)
                              d:/software_files_technical_bank/truestudio for stm32 9.3.0/armtools/bin/../lib/gcc/arm-atollic-eabi/6.3.1/../../../../arm-atollic-eabi/lib/armv7-m\libc_nano.a(lib_a-errno.o) (_impure_ptr)
d:/software_files_technical_bank/truestudio for stm32 9.3.0/armtools/bin/../lib/gcc/arm-atollic-eabi/6.3.1/../../../../arm-atollic-eabi/lib/armv7-m\libc_nano.a(lib_a-init.o)
                              startup\startup_stm32f103xe.o (__libc_init_array)
d:/software_files_technical_bank/truestudio for stm32 9.3.0/armtools/bin/../lib/gcc/arm-atollic-eabi/6.3.1/../../../../arm-atollic-eabi/lib/armv7-m\libc_nano.a(lib_a-memset.o)
                              Src\CanAnalysis.o (memset)
d:/software_files_technical_bank/truestudio for stm32 9.3.0/armtools/bin/../lib/gcc/arm-atollic-eabi/6.3.1/../../../../arm-atollic-eabi/lib/armv7-m\libc_nano.a(lib_a-sprintf.o)
                              Src\SensorAnalysis.o (sprintf)
d:/software_files_technical_bank/truestudio for stm32 9.3.0/armtools/bin/../lib/gcc/arm-atollic-eabi/6.3.1/../../../../arm-atollic-eabi/lib/armv7-m\libc_nano.a(lib_a-strlen.o)
                              Src\SensorAnalysis.o (strlen)
d:/software_files_technical_bank/truestudio for stm32 9.3.0/armtools/bin/../lib/gcc/arm-atollic-eabi/6.3.1/../../../../arm-atollic-eabi/lib/armv7-m\libc_nano.a(lib_a-nano-svfprintf.o)
                              d:/software_files_technical_bank/truestudio for stm32 9.3.0/armtools/bin/../lib/gcc/arm-atollic-eabi/6.3.1/../../../../arm-atollic-eabi/lib/armv7-m\libc_nano.a(lib_a-sprintf.o) (_svfprintf_r)
d:/software_files_technical_bank/truestudio for stm32 9.3.0/armtools/bin/../lib/gcc/arm-atollic-eabi/6.3.1/../../../../arm-atollic-eabi/lib/armv7-m\libc_nano.a(lib_a-nano-vfprintf_i.o)
                              d:/software_files_technical_bank/truestudio for stm32 9.3.0/armtools/bin/../lib/gcc/arm-atollic-eabi/6.3.1/../../../../arm-atollic-eabi/lib/armv7-m\libc_nano.a(lib_a-nano-svfprintf.o) (_printf_i)
d:/software_files_technical_bank/truestudio for stm32 9.3.0/armtools/bin/../lib/gcc/arm-atollic-eabi/6.3.1/../../../../arm-atollic-eabi/lib/armv7-m\libc_nano.a(lib_a-memchr-stub.o)
                              d:/software_files_technical_bank/truestudio for stm32 9.3.0/armtools/bin/../lib/gcc/arm-atollic-eabi/6.3.1/../../../../arm-atollic-eabi/lib/armv7-m\libc_nano.a(lib_a-nano-svfprintf.o) (memchr)
d:/software_files_technical_bank/truestudio for stm32 9.3.0/armtools/bin/../lib/gcc/arm-atollic-eabi/6.3.1/../../../../arm-atollic-eabi/lib/armv7-m\libc_nano.a(lib_a-memcpy-stub.o)
                              d:/software_files_technical_bank/truestudio for stm32 9.3.0/armtools/bin/../lib/gcc/arm-atollic-eabi/6.3.1/../../../../arm-atollic-eabi/lib/armv7-m\libc_nano.a(lib_a-nano-svfprintf.o) (memcpy)
d:/software_files_technical_bank/truestudio for stm32 9.3.0/armtools/bin/../lib/gcc/arm-atollic-eabi/6.3.1/../../../../arm-atollic-eabi/lib/armv7-m\libc_nano.a(lib_a-memmove.o)
                              d:/software_files_technical_bank/truestudio for stm32 9.3.0/armtools/bin/../lib/gcc/arm-atollic-eabi/6.3.1/../../../../arm-atollic-eabi/lib/armv7-m\libc_nano.a(lib_a-nano-svfprintf.o) (memmove)
d:/software_files_technical_bank/truestudio for stm32 9.3.0/armtools/bin/../lib/gcc/arm-atollic-eabi/6.3.1/../../../../arm-atollic-eabi/lib/armv7-m\libc_nano.a(lib_a-nano-freer.o)
                              d:/software_files_technical_bank/truestudio for stm32 9.3.0/armtools/bin/../lib/gcc/arm-atollic-eabi/6.3.1/../../../../arm-atollic-eabi/lib/armv7-m\libc_nano.a(lib_a-nano-svfprintf.o) (_free_r)
d:/software_files_technical_bank/truestudio for stm32 9.3.0/armtools/bin/../lib/gcc/arm-atollic-eabi/6.3.1/../../../../arm-atollic-eabi/lib/armv7-m\libc_nano.a(lib_a-nano-mallocr.o)
                              d:/software_files_technical_bank/truestudio for stm32 9.3.0/armtools/bin/../lib/gcc/arm-atollic-eabi/6.3.1/../../../../arm-atollic-eabi/lib/armv7-m\libc_nano.a(lib_a-nano-svfprintf.o) (_malloc_r)
d:/software_files_technical_bank/truestudio for stm32 9.3.0/armtools/bin/../lib/gcc/arm-atollic-eabi/6.3.1/../../../../arm-atollic-eabi/lib/armv7-m\libc_nano.a(lib_a-nano-reallocr.o)
                              d:/software_files_technical_bank/truestudio for stm32 9.3.0/armtools/bin/../lib/gcc/arm-atollic-eabi/6.3.1/../../../../arm-atollic-eabi/lib/armv7-m\libc_nano.a(lib_a-nano-svfprintf.o) (_realloc_r)
[...]
Memory Configuration

Name             Origin             Length             Attributes
RAM              0x20000000         0x0000c000         xrw
FLASH            0x08000000         0x00040000         xr
*default*        0x00000000         0xffffffff

Linker script and memory map

LOAD d:/software_files_technical_bank/truestudio for stm32 9.3.0/armtools/bin/../lib/gcc/arm-atollic-eabi/6.3.1/armv7-m/crti.o
LOAD d:/software_files_technical_bank/truestudio for stm32 9.3.0/armtools/bin/../lib/gcc/arm-atollic-eabi/6.3.1/armv7-m/crtbegin.o
LOAD Drivers\STM32F1xx_HAL_Driver\Src\stm32f1xx_hal.o
LOAD Drivers\STM32F1xx_HAL_Driver\Src\stm32f1xx_hal_adc.o
LOAD Drivers\STM32F1xx_HAL_Driver\Src\stm32f1xx_hal_adc_ex.o
LOAD Drivers\STM32F1xx_HAL_Driver\Src\stm32f1xx_hal_can.o
LOAD Drivers\STM32F1xx_HAL_Driver\Src\stm32f1xx_hal_cortex.o
LOAD Drivers\STM32F1xx_HAL_Driver\Src\stm32f1xx_hal_dma.o
LOAD Drivers\STM32F1xx_HAL_Driver\Src\stm32f1xx_hal_flash.o
LOAD Drivers\STM32F1xx_HAL_Driver\Src\stm32f1xx_hal_flash_ex.o
LOAD Drivers\STM32F1xx_HAL_Driver\Src\stm32f1xx_hal_gpio.o
LOAD Drivers\STM32F1xx_HAL_Driver\Src\stm32f1xx_hal_gpio_ex.o
LOAD Drivers\STM32F1xx_HAL_Driver\Src\stm32f1xx_hal_i2c.o
LOAD Drivers\STM32F1xx_HAL_Driver\Src\stm32f1xx_hal_iwdg.o
LOAD Drivers\STM32F1xx_HAL_Driver\Src\stm32f1xx_hal_pwr.o
LOAD Drivers\STM32F1xx_HAL_Driver\Src\stm32f1xx_hal_rcc.o
LOAD Drivers\STM32F1xx_HAL_Driver\Src\stm32f1xx_hal_rcc_ex.o
LOAD Drivers\STM32F1xx_HAL_Driver\Src\stm32f1xx_hal_tim.o
LOAD Drivers\STM32F1xx_HAL_Driver\Src\stm32f1xx_hal_tim_ex.o
LOAD Drivers\STM32F1xx_HAL_Driver\Src\stm32f1xx_hal_uart.o
LOAD Src\BH1750.o
LOAD Src\CanAnalysis.o
LOAD Src\DS18B20.o
LOAD Src\FilterAlgorithm.o
LOAD Src\Gas.o
LOAD Src\HardwareInit.o
LOAD Src\Led.o
LOAD Src\LoraAnalysis.o
LOAD Src\LoraNode.o
LOAD Src\NTC.o
LOAD Src\RS485Analysis.o
LOAD Src\SHT30.o
LOAD Src\SensorAnalysis.o
LOAD Src\adc.o
LOAD Src\can.o
LOAD Src\dma.o
LOAD Src\gpio.o
LOAD Src\i2c.o
LOAD Src\iwdg.o
LOAD Src\main.o
LOAD Src\stm32f1xx_hal_msp.o
LOAD Src\stm32f1xx_it.o
LOAD Src\syscalls.o
LOAD Src\system_stm32f1xx.o
LOAD Src\tim.o
LOAD Src\usart.o
LOAD startup\startup_stm32f103xe.o
                0x00000080                malloc_getpagesize_P = 0x80
START GROUP
LOAD d:/software_files_technical_bank/truestudio for stm32 9.3.0/armtools/bin/../lib/gcc/arm-atollic-eabi/6.3.1/../../../../arm-atollic-eabi/lib/armv7-m\libc_nano.a
LOAD d:/software_files_technical_bank/truestudio for stm32 9.3.0/armtools/bin/../lib/gcc/arm-atollic-eabi/6.3.1/../../../../arm-atollic-eabi/lib/armv7-m\libm.a
END GROUP
START GROUP
LOAD d:/software_files_technical_bank/truestudio for stm32 9.3.0/armtools/bin/../lib/gcc/arm-atollic-eabi/6.3.1/armv7-m\libgcc.a
LOAD d:/software_files_technical_bank/truestudio for stm32 9.3.0/armtools/bin/../lib/gcc/arm-atollic-eabi/6.3.1/../../../../arm-atollic-eabi/lib/armv7-m\libc_nano.a
END GROUP
START GROUP
LOAD d:/software_files_technical_bank/truestudio for stm32 9.3.0/armtools/bin/../lib/gcc/arm-atollic-eabi/6.3.1/armv7-m\libgcc.a
LOAD d:/software_files_technical_bank/truestudio for stm32 9.3.0/armtools/bin/../lib/gcc/arm-atollic-eabi/6.3.1/../../../../arm-atollic-eabi/lib/armv7-m\libc_nano.a
LOAD d:/software_files_technical_bank/truestudio for stm32 9.3.0/armtools/bin/../lib/gcc/arm-atollic-eabi/6.3.1/../../../../arm-atollic-eabi/lib/armv7-m\libnosys.a
END GROUP
START GROUP
LOAD d:/software_files_technical_bank/truestudio for stm32 9.3.0/armtools/bin/../lib/gcc/arm-atollic-eabi/6.3.1/armv7-m\libgcc.a
LOAD d:/software_files_technical_bank/truestudio for stm32 9.3.0/armtools/bin/../lib/gcc/arm-atollic-eabi/6.3.1/../../../../arm-atollic-eabi/lib/armv7-m\libc_nano.a
LOAD d:/software_files_technical_bank/truestudio for stm32 9.3.0/armtools/bin/../lib/gcc/arm-atollic-eabi/6.3.1/../../../../arm-atollic-eabi/lib/armv7-m\libnosys.a
END GROUP
LOAD d:/software_files_technical_bank/truestudio for stm32 9.3.0/armtools/bin/../lib/gcc/arm-atollic-eabi/6.3.1/armv7-m/crtend.o
LOAD d:/software_files_technical_bank/truestudio for stm32 9.3.0/armtools/bin/../lib/gcc/arm-atollic-eabi/6.3.1/armv7-m/crtn.o
                0x2000c000                _estack = 0x2000c000
                0x00000200                _Min_Heap_Size = 0x200
                0x00000400                _Min_Stack_Size = 0x400

.isr_vector     0x08000000      0x1e4
                0x08000000                . = ALIGN (0x4)
 *(.isr_vector)
 .isr_vector    0x08000000      0x1e4 startup\startup_stm32f103xe.o
                0x08000000                g_pfnVectors
                0x080001e4                . = ALIGN (0x4)

.text           0x080001e8     0x9894
                0x080001e8                . = ALIGN (0x4)
 *(.text)
 .text          0x080001e8       0x40 d:/software_files_technical_bank/truestudio for stm32 9.3.0/armtools/bin/../lib/gcc/arm-atollic-eabi/6.3.1/armv7-m/crtbegin.o
 .text          0x08000228       0x10 d:/software_files_technical_bank/truestudio for stm32 9.3.0/armtools/bin/../lib/gcc/arm-atollic-eabi/6.3.1/../../../../arm-atollic-eabi/lib/armv7-m\libc_nano.a(lib_a-strlen.o)
                0x08000228                strlen
 .text          0x08000238      0x370 d:/software_files_technical_bank/truestudio for stm32 9.3.0/armtools/bin/../lib/gcc/arm-atollic-eabi/6.3.1/armv7-m\libgcc.a(_arm_addsubdf3.o)
                0x08000238                __aeabi_drsub
                0x08000240                __aeabi_dsub
                0x08000240                __subdf3
                0x08000244                __aeabi_dadd
                0x08000244                __adddf3
                0x080004bc                __floatunsidf
                0x080004bc                __aeabi_ui2d
                0x080004dc                __floatsidf
                0x080004dc                __aeabi_i2d
                0x08000500                __aeabi_f2d
                0x08000500                __extendsfdf2
                0x0800053c                __floatundidf
                0x0800053c                __aeabi_ul2d
                0x0800054c                __floatdidf
                0x0800054c                __aeabi_l2d
 .text          0x080005a8      0x424 d:/software_files_technical_bank/truestudio for stm32 9.3.0/armtools/bin/../lib/gcc/arm-atollic-eabi/6.3.1/armv7-m\libgcc.a(_arm_muldivdf3.o)
                0x080005a8                __aeabi_dmul
                0x080005a8                __muldf3
                0x080007fc                __divdf3
                0x080007fc                __aeabi_ddiv
 .text          0x080009cc      0x110 d:/software_files_technical_bank/truestudio for stm32 9.3.0/armtools/bin/../lib/gcc/arm-atollic-eabi/6.3.1/armv7-m\libgcc.a(_arm_cmpdf2.o)
                0x080009cc                __gtdf2
                0x080009cc                __gedf2
                0x080009d4                __ltdf2
                0x080009d4                __ledf2
                0x080009dc                __nedf2
                0x080009dc                __eqdf2
                0x080009dc                __cmpdf2
                0x08000a58                __aeabi_cdrcmple
                0x08000a68                __aeabi_cdcmpeq
                0x08000a68                __aeabi_cdcmple
                0x08000a78                __aeabi_dcmpeq
                0x08000a8c                __aeabi_dcmplt
                0x08000aa0                __aeabi_dcmple
                0x08000ab4                __aeabi_dcmpge
                0x08000ac8                __aeabi_dcmpgt
 .text          0x08000adc       0x40 d:/software_files_technical_bank/truestudio for stm32 9.3.0/armtools/bin/../lib/gcc/arm-atollic-eabi/6.3.1/armv7-m\libgcc.a(_arm_fixunsdfsi.o)
                0x08000adc                __aeabi_d2uiz
                0x08000adc                __fixunsdfsi
 .text          0x08000b1c       0xa0 d:/software_files_technical_bank/truestudio for stm32 9.3.0/armtools/bin/../lib/gcc/arm-atollic-eabi/6.3.1/armv7-m\libgcc.a(_arm_truncdfsf2.o)
                0x08000b1c                __truncdfsf2
                0x08000b1c                __aeabi_d2f
 .text          0x08000bbc      0x21c d:/software_files_technical_bank/truestudio for stm32 9.3.0/armtools/bin/../lib/gcc/arm-atollic-eabi/6.3.1/armv7-m\libgcc.a(_arm_addsubsf3.o)
                0x08000bbc                __aeabi_frsub
                0x08000bc4                __subsf3
                0x08000bc4                __aeabi_fsub
                0x08000bc8                __aeabi_fadd
                0x08000bc8                __addsf3
                0x08000d28                __aeabi_ui2f
                0x08000d28                __floatunsisf
                0x08000d30                __aeabi_i2f
                0x08000d30                __floatsisf
                0x08000d4c                __aeabi_ul2f
                0x08000d4c                __floatundisf
                0x08000d5c                __aeabi_l2f
                0x08000d5c                __floatdisf
 .text          0x08000dd8      0x2a0 d:/software_files_technical_bank/truestudio for stm32 9.3.0/armtools/bin/../lib/gcc/arm-atollic-eabi/6.3.1/armv7-m\libgcc.a(_arm_muldivsf3.o)
                0x08000dd8                __mulsf3
                0x08000dd8                __aeabi_fmul
                0x08000f40                __aeabi_fdiv
                0x08000f40                __divsf3
 .text          0x08001078       0xec d:/software_files_technical_bank/truestudio for stm32 9.3.0/armtools/bin/../lib/gcc/arm-atollic-eabi/6.3.1/armv7-m\libgcc.a(_arm_cmpsf2.o)
                0x08001078                __gesf2
                0x08001078                __gtsf2
                0x08001080                __lesf2
                0x08001080                __ltsf2
                0x08001088                __nesf2
                0x08001088                __eqsf2
                0x08001088                __cmpsf2
                0x080010e8                __aeabi_cfrcmple
                0x080010f0                __aeabi_cfcmpeq
                0x080010f0                __aeabi_cfcmple
                0x08001100                __aeabi_fcmpeq
                0x08001114                __aeabi_fcmplt
                0x08001128                __aeabi_fcmple
                0x0800113c                __aeabi_fcmpge
                0x08001150                __aeabi_fcmpgt
 .text          0x08001164       0x40 d:/software_files_technical_bank/truestudio for stm32 9.3.0/armtools/bin/../lib/gcc/arm-atollic-eabi/6.3.1/armv7-m\libgcc.a(_arm_fixunssfsi.o)
                0x08001164                __fixunssfsi
                0x08001164                __aeabi_f2uiz
 *(.text*)
 .text.HAL_Init
                0x080011a4       0x2c Drivers\STM32F1xx_HAL_Driver\Src\stm32f1xx_hal.o
                0x080011a4                HAL_Init
 .text.HAL_InitTick
                0x080011d0       0x60 Drivers\STM32F1xx_HAL_Driver\Src\stm32f1xx_hal.o
                0x080011d0                HAL_InitTick
 .text.HAL_IncTick
                0x08001230       0x24 Drivers\STM32F1xx_HAL_Driver\Src\stm32f1xx_hal.o
                0x08001230                HAL_IncTick
 .text.HAL_GetTick
                0x08001254       0x14 Drivers\STM32F1xx_HAL_Driver\Src\stm32f1xx_hal.o
                0x08001254                HAL_GetTick
 .text.HAL_Delay
                0x08001268       0x44 Drivers\STM32F1xx_HAL_Driver\Src\stm32f1xx_hal.o
                0x08001268                HAL_Delay
 .text.HAL_ADC_Init
                0x080012ac      0x1d4 Drivers\STM32F1xx_HAL_Driver\Src\stm32f1xx_hal_adc.o
                0x080012ac                HAL_ADC_Init
 .text.HAL_ADC_Start
                0x08001480      0x15c Drivers\STM32F1xx_HAL_Driver\Src\stm32f1xx_hal_adc.o
                0x08001480                HAL_ADC_Start
 .text.HAL_ADC_Stop
                0x080015dc       0x58 Drivers\STM32F1xx_HAL_Driver\Src\stm32f1xx_hal_adc.o
                0x080015dc                HAL_ADC_Stop
 .text.HAL_ADC_PollForConversion
                0x08001634      0x1f4 Drivers\STM32F1xx_HAL_Driver\Src\stm32f1xx_hal_adc.o
                0x08001634                HAL_ADC_PollForConversion
 .text.HAL_ADC_GetValue
                0x08001828       0x18 Drivers\STM32F1xx_HAL_Driver\Src\stm32f1xx_hal_adc.o
                0x08001828                HAL_ADC_GetValue
 .text.HAL_ADC_ConfigChannel
                0x08001840      0x1f0 Drivers\STM32F1xx_HAL_Driver\Src\stm32f1xx_hal_adc.o
                0x08001840                HAL_ADC_ConfigChannel
 .text.ADC_Enable
                0x08001a30       0xa4 Drivers\STM32F1xx_HAL_Driver\Src\stm32f1xx_hal_adc.o
                0x08001a30                ADC_Enable
 .text.ADC_ConversionStop_Disable
                0x08001ad4       0x74 Drivers\STM32F1xx_HAL_Driver\Src\stm32f1xx_hal_adc.o
                0x08001ad4                ADC_ConversionStop_Disable
 .text.HAL_CAN_Init
                0x08001b48      0x1f4 Drivers\STM32F1xx_HAL_Driver\Src\stm32f1xx_hal_can.o
                0x08001b48                HAL_CAN_Init
 .text.HAL_CAN_ConfigFilter
                0x08001d3c      0x192 Drivers\STM32F1xx_HAL_Driver\Src\stm32f1xx_hal_can.o
                0x08001d3c                HAL_CAN_ConfigFilter
 .text.HAL_CAN_Start
                0x08001ece       0x88 Drivers\STM32F1xx_HAL_Driver\Src\stm32f1xx_hal_can.o
                0x08001ece                HAL_CAN_Start
 .text.HAL_CAN_GetRxMessage
                0x08001f56      0x224 Drivers\STM32F1xx_HAL_Driver\Src\stm32f1xx_hal_can.o
                0x08001f56                HAL_CAN_GetRxMessage
 .text.HAL_CAN_ActivateNotification
                0x0800217a       0x4a Drivers\STM32F1xx_HAL_Driver\Src\stm32f1xx_hal_can.o
                0x0800217a                HAL_CAN_ActivateNotification
 .text.HAL_CAN_IRQHandler
                0x080021c4      0x362 Drivers\STM32F1xx_HAL_Driver\Src\stm32f1xx_hal_can.o
                0x080021c4                HAL_CAN_IRQHandler
 .text.HAL_CAN_TxMailbox0CompleteCallback
                0x08002526       0x12 Drivers\STM32F1xx_HAL_Driver\Src\stm32f1xx_hal_can.o
                0x08002526                HAL_CAN_TxMailbox0CompleteCallback
 .text.HAL_CAN_TxMailbox1CompleteCallback
                0x08002538       0x12 Drivers\STM32F1xx_HAL_Driver\Src\stm32f1xx_hal_can.o
                0x08002538                HAL_CAN_TxMailbox1CompleteCallback
 .text.HAL_CAN_TxMailbox2CompleteCallback
                0x0800254a       0x12 Drivers\STM32F1xx_HAL_Driver\Src\stm32f1xx_hal_can.o
                0x0800254a                HAL_CAN_TxMailbox2CompleteCallback
 .text.HAL_CAN_TxMailbox0AbortCallback
                0x0800255c       0x12 Drivers\STM32F1xx_HAL_Driver\Src\stm32f1xx_hal_can.o
                0x0800255c                HAL_CAN_TxMailbox0AbortCallback
 .text.HAL_CAN_TxMailbox1AbortCallback
                0x0800256e       0x12 Drivers\STM32F1xx_HAL_Driver\Src\stm32f1xx_hal_can.o
                0x0800256e                HAL_CAN_TxMailbox1AbortCallback
 .text.HAL_CAN_TxMailbox2AbortCallback
                0x08002580       0x12 Drivers\STM32F1xx_HAL_Driver\Src\stm32f1xx_hal_can.o
                0x08002580                HAL_CAN_TxMailbox2AbortCallback
 .text.HAL_CAN_RxFifo0FullCallback
                0x08002592       0x12 Drivers\STM32F1xx_HAL_Driver\Src\stm32f1xx_hal_can.o
                0x08002592                HAL_CAN_RxFifo0FullCallback
 .text.HAL_CAN_RxFifo1MsgPendingCallback
                0x080025a4       0x12 Drivers\STM32F1xx_HAL_Driver\Src\stm32f1xx_hal_can.o
                0x080025a4                HAL_CAN_RxFifo1MsgPendingCallback
 .text.HAL_CAN_RxFifo1FullCallback
                0x080025b6       0x12 Drivers\STM32F1xx_HAL_Driver\Src\stm32f1xx_hal_can.o
                0x080025b6                HAL_CAN_RxFifo1FullCallback
 .text.HAL_CAN_SleepCallback
                0x080025c8       0x12 Drivers\STM32F1xx_HAL_Driver\Src\stm32f1xx_hal_can.o
                0x080025c8                HAL_CAN_SleepCallback
 .text.HAL_CAN_WakeUpFromRxMsgCallback
                0x080025da       0x12 Drivers\STM32F1xx_HAL_Driver\Src\stm32f1xx_hal_can.o
                0x080025da                HAL_CAN_WakeUpFromRxMsgCallback
 .text.HAL_CAN_ErrorCallback
                0x080025ec       0x12 Drivers\STM32F1xx_HAL_Driver\Src\stm32f1xx_hal_can.o
                0x080025ec                HAL_CAN_ErrorCallback
 *fill*         0x080025fe        0x2 
 .text.NVIC_SetPriorityGrouping
                0x08002600       0x48 Drivers\STM32F1xx_HAL_Driver\Src\stm32f1xx_hal_cortex.o
 .text.NVIC_GetPriorityGrouping
                0x08002648       0x1c Drivers\STM32F1xx_HAL_Driver\Src\stm32f1xx_hal_cortex.o
 .text.NVIC_EnableIRQ
                0x08002664       0x30 Drivers\STM32F1xx_HAL_Driver\Src\stm32f1xx_hal_cortex.o
 .text.NVIC_SetPriority
                0x08002694       0x54 Drivers\STM32F1xx_HAL_Driver\Src\stm32f1xx_hal_cortex.o
 .text.NVIC_EncodePriority
                0x080026e8       0x60 Drivers\STM32F1xx_HAL_Driver\Src\stm32f1xx_hal_cortex.o
 .text.SysTick_Config
                0x08002748       0x44 Drivers\STM32F1xx_HAL_Driver\Src\stm32f1xx_hal_cortex.o
 .text.HAL_NVIC_SetPriorityGrouping
                0x0800278c       0x16 Drivers\STM32F1xx_HAL_Driver\Src\stm32f1xx_hal_cortex.o
                0x0800278c                HAL_NVIC_SetPriorityGrouping
 .text.HAL_NVIC_SetPriority
                0x080027a2       0x38 Drivers\STM32F1xx_HAL_Driver\Src\stm32f1xx_hal_cortex.o
                0x080027a2                HAL_NVIC_SetPriority
 .text.HAL_NVIC_EnableIRQ
                0x080027da       0x1c Drivers\STM32F1xx_HAL_Driver\Src\stm32f1xx_hal_cortex.o
                0x080027da                HAL_NVIC_EnableIRQ
 .text.HAL_SYSTICK_Config
                0x080027f6       0x18 Drivers\STM32F1xx_HAL_Driver\Src\stm32f1xx_hal_cortex.o
                0x080027f6                HAL_SYSTICK_Config
 *fill*         0x0800280e        0x2 
 .text.HAL_DMA_Init
                0x08002810       0xec Drivers\STM32F1xx_HAL_Driver\Src\stm32f1xx_hal_dma.o
                0x08002810                HAL_DMA_Init
 .text.HAL_DMA_Start_IT
                0x080028fc       0xbe Drivers\STM32F1xx_HAL_Driver\Src\stm32f1xx_hal_dma.o
                0x080028fc                HAL_DMA_Start_IT
 .text.HAL_DMA_Abort
                0x080029ba       0x58 Drivers\STM32F1xx_HAL_Driver\Src\stm32f1xx_hal_dma.o
                0x080029ba                HAL_DMA_Abort
 *fill*         0x08002a12        0x2 
 .text.HAL_DMA_Abort_IT
                0x08002a14      0x23c Drivers\STM32F1xx_HAL_Driver\Src\stm32f1xx_hal_dma.o
                0x08002a14                HAL_DMA_Abort_IT
 .text.HAL_DMA_IRQHandler
                0x08002c50      0x4d0 Drivers\STM32F1xx_HAL_Driver\Src\stm32f1xx_hal_dma.o
                0x08002c50                HAL_DMA_IRQHandler
 .text.DMA_SetConfig
                0x08003120       0x5a Drivers\STM32F1xx_HAL_Driver\Src\stm32f1xx_hal_dma.o
 *fill*         0x0800317a        0x2 
 .text.HAL_GPIO_Init
                0x0800317c      0x2dc Drivers\STM32F1xx_HAL_Driver\Src\stm32f1xx_hal_gpio.o
                0x0800317c                HAL_GPIO_Init
 .text.HAL_GPIO_ReadPin
                0x08003458       0x2e Drivers\STM32F1xx_HAL_Driver\Src\stm32f1xx_hal_gpio.o
                0x08003458                HAL_GPIO_ReadPin
 .text.HAL_GPIO_WritePin
                0x08003486       0x30 Drivers\STM32F1xx_HAL_Driver\Src\stm32f1xx_hal_gpio.o
                0x08003486                HAL_GPIO_WritePin
 .text.HAL_GPIO_TogglePin
                0x080034b6       0x22 Drivers\STM32F1xx_HAL_Driver\Src\stm32f1xx_hal_gpio.o
                0x080034b6                HAL_GPIO_TogglePin
 .text.HAL_I2C_Init
                0x080034d8      0x208 Drivers\STM32F1xx_HAL_Driver\Src\stm32f1xx_hal_i2c.o
                0x080034d8                HAL_I2C_Init
 .text.HAL_I2C_Master_Transmit
                0x080036e0      0x21c Drivers\STM32F1xx_HAL_Driver\Src\stm32f1xx_hal_i2c.o
                0x080036e0                HAL_I2C_Master_Transmit
 .text.HAL_I2C_Master_Receive
                0x080038fc      0x474 Drivers\STM32F1xx_HAL_Driver\Src\stm32f1xx_hal_i2c.o
                0x080038fc                HAL_I2C_Master_Receive
 .text.I2C_MasterRequestWrite
                0x08003d70      0x104 Drivers\STM32F1xx_HAL_Driver\Src\stm32f1xx_hal_i2c.o
 .text.I2C_MasterRequestRead
                0x08003e74      0x190 Drivers\STM32F1xx_HAL_Driver\Src\stm32f1xx_hal_i2c.o
 .text.I2C_WaitOnFlagUntilTimeout
                0x08004004       0xa2 Drivers\STM32F1xx_HAL_Driver\Src\stm32f1xx_hal_i2c.o
 .text.I2C_WaitOnMasterAddressFlagUntilTimeout
                0x080040a6       0xdc Drivers\STM32F1xx_HAL_Driver\Src\stm32f1xx_hal_i2c.o
 .text.I2C_WaitOnTXEFlagUntilTimeout
                0x08004182       0x7a Drivers\STM32F1xx_HAL_Driver\Src\stm32f1xx_hal_i2c.o
 .text.I2C_WaitOnBTFFlagUntilTimeout
                0x080041fc       0x7a Drivers\STM32F1xx_HAL_Driver\Src\stm32f1xx_hal_i2c.o
 .text.I2C_WaitOnRXNEFlagUntilTimeout
                0x08004276       0x94 Drivers\STM32F1xx_HAL_Driver\Src\stm32f1xx_hal_i2c.o
 .text.I2C_IsAcknowledgeFailed
                0x0800430a       0x4e Drivers\STM32F1xx_HAL_Driver\Src\stm32f1xx_hal_i2c.o
 .text.HAL_RCC_OscConfig
                0x08004358      0x4c8 Drivers\STM32F1xx_HAL_Driver\Src\stm32f1xx_hal_rcc.o
                0x08004358                HAL_RCC_OscConfig
 .text.HAL_RCC_ClockConfig
                0x08004820      0x218 Drivers\STM32F1xx_HAL_Driver\Src\stm32f1xx_hal_rcc.o
                0x08004820                HAL_RCC_ClockConfig
 .text.HAL_RCC_GetSysClockFreq
                0x08004a38       0xc4 Drivers\STM32F1xx_HAL_Driver\Src\stm32f1xx_hal_rcc.o
                0x08004a38                HAL_RCC_GetSysClockFreq
 .text.HAL_RCC_GetHCLKFreq
                0x08004afc       0x14 Drivers\STM32F1xx_HAL_Driver\Src\stm32f1xx_hal_rcc.o
                0x08004afc                HAL_RCC_GetHCLKFreq
 .text.HAL_RCC_GetPCLK1Freq
                0x08004b10       0x28 Drivers\STM32F1xx_HAL_Driver\Src\stm32f1xx_hal_rcc.o
                0x08004b10                HAL_RCC_GetPCLK1Freq
 .text.HAL_RCC_GetPCLK2Freq
                0x08004b38       0x28 Drivers\STM32F1xx_HAL_Driver\Src\stm32f1xx_hal_rcc.o
                0x08004b38                HAL_RCC_GetPCLK2Freq
 .text.RCC_Delay
                0x08004b60       0x3c Drivers\STM32F1xx_HAL_Driver\Src\stm32f1xx_hal_rcc.o
 .text.HAL_RCCEx_PeriphCLKConfig
                0x08004b9c      0x16c Drivers\STM32F1xx_HAL_Driver\Src\stm32f1xx_hal_rcc_ex.o
                0x08004b9c                HAL_RCCEx_PeriphCLKConfig
 .text.HAL_RCCEx_GetPeriphCLKFreq
                0x08004d08      0x1d4 Drivers\STM32F1xx_HAL_Driver\Src\stm32f1xx_hal_rcc_ex.o
                0x08004d08                HAL_RCCEx_GetPeriphCLKFreq
 .text.HAL_TIM_Base_Init
                0x08004edc       0x56 Drivers\STM32F1xx_HAL_Driver\Src\stm32f1xx_hal_tim.o
                0x08004edc                HAL_TIM_Base_Init
 .text.HAL_TIM_Base_Start_IT
                0x08004f32       0x34 Drivers\STM32F1xx_HAL_Driver\Src\stm32f1xx_hal_tim.o
                0x08004f32                HAL_TIM_Base_Start_IT
 .text.HAL_TIM_IRQHandler
                0x08004f66      0x210 Drivers\STM32F1xx_HAL_Driver\Src\stm32f1xx_hal_tim.o
                0x08004f66                HAL_TIM_IRQHandler
 .text.HAL_TIM_ConfigClockSource
                0x08005176      0x1b6 Drivers\STM32F1xx_HAL_Driver\Src\stm32f1xx_hal_tim.o
                0x08005176                HAL_TIM_ConfigClockSource
 .text.HAL_TIM_OC_DelayElapsedCallback
                0x0800532c       0x12 Drivers\STM32F1xx_HAL_Driver\Src\stm32f1xx_hal_tim.o
                0x0800532c                HAL_TIM_OC_DelayElapsedCallback
 .text.HAL_TIM_IC_CaptureCallback
                0x0800533e       0x12 Drivers\STM32F1xx_HAL_Driver\Src\stm32f1xx_hal_tim.o
                0x0800533e                HAL_TIM_IC_CaptureCallback
 .text.HAL_TIM_PWM_PulseFinishedCallback
                0x08005350       0x12 Drivers\STM32F1xx_HAL_Driver\Src\stm32f1xx_hal_tim.o
                0x08005350                HAL_TIM_PWM_PulseFinishedCallback
 .text.HAL_TIM_TriggerCallback
                0x08005362       0x12 Drivers\STM32F1xx_HAL_Driver\Src\stm32f1xx_hal_tim.o
                0x08005362                HAL_TIM_TriggerCallback
 .text.TIM_Base_SetConfig
                0x08005374       0xfc Drivers\STM32F1xx_HAL_Driver\Src\stm32f1xx_hal_tim.o
                0x08005374                TIM_Base_SetConfig
 .text.TIM_TI1_ConfigInputStage
                0x08005470       0x64 Drivers\STM32F1xx_HAL_Driver\Src\stm32f1xx_hal_tim.o
 .text.TIM_TI2_ConfigInputStage
                0x080054d4       0x66 Drivers\STM32F1xx_HAL_Driver\Src\stm32f1xx_hal_tim.o
 .text.TIM_ITRx_SetConfig
                0x0800553a       0x3e Drivers\STM32F1xx_HAL_Driver\Src\stm32f1xx_hal_tim.o
 .text.TIM_ETR_SetConfig
                0x08005578       0x42 Drivers\STM32F1xx_HAL_Driver\Src\stm32f1xx_hal_tim.o
 .text.HAL_TIMEx_MasterConfigSynchronization
                0x080055ba       0x88 Drivers\STM32F1xx_HAL_Driver\Src\stm32f1xx_hal_tim_ex.o
                0x080055ba                HAL_TIMEx_MasterConfigSynchronization
 .text.HAL_TIMEx_CommutationCallback
                0x08005642       0x12 Drivers\STM32F1xx_HAL_Driver\Src\stm32f1xx_hal_tim_ex.o
                0x08005642                HAL_TIMEx_CommutationCallback
 .text.HAL_TIMEx_BreakCallback
                0x08005654       0x12 Drivers\STM32F1xx_HAL_Driver\Src\stm32f1xx_hal_tim_ex.o
                0x08005654                HAL_TIMEx_BreakCallback
 .text.HAL_UART_Init
                0x08005666       0x9a Drivers\STM32F1xx_HAL_Driver\Src\stm32f1xx_hal_uart.o
                0x08005666                HAL_UART_Init
 .text.HAL_UART_Transmit
                0x08005700      0x130 Drivers\STM32F1xx_HAL_Driver\Src\stm32f1xx_hal_uart.o
                0x08005700                HAL_UART_Transmit
 .text.HAL_UART_Transmit_DMA
                0x08005830       0xd8 Drivers\STM32F1xx_HAL_Driver\Src\stm32f1xx_hal_uart.o
                0x08005830                HAL_UART_Transmit_DMA
 .text.HAL_UART_Receive_DMA
                0x08005908      0x100 Drivers\STM32F1xx_HAL_Driver\Src\stm32f1xx_hal_uart.o
                0x08005908                HAL_UART_Receive_DMA
 .text.HAL_UART_DMAStop
                0x08005a08       0xb6 Drivers\STM32F1xx_HAL_Driver\Src\stm32f1xx_hal_uart.o
                0x08005a08                HAL_UART_DMAStop
 *fill*         0x08005abe        0x2 
 .text.HAL_UART_IRQHandler
                0x08005ac0      0x1f8 Drivers\STM32F1xx_HAL_Driver\Src\stm32f1xx_hal_uart.o
                0x08005ac0                HAL_UART_IRQHandler
 .text.HAL_UART_TxCpltCallback
                0x08005cb8       0x12 Drivers\STM32F1xx_HAL_Driver\Src\stm32f1xx_hal_uart.o
                0x08005cb8                HAL_UART_TxCpltCallback
 .text.HAL_UART_TxHalfCpltCallback
                0x08005cca       0x12 Drivers\STM32F1xx_HAL_Driver\Src\stm32f1xx_hal_uart.o
                0x08005cca                HAL_UART_TxHalfCpltCallback
 .text.HAL_UART_RxCpltCallback
                0x08005cdc       0x12 Drivers\STM32F1xx_HAL_Driver\Src\stm32f1xx_hal_uart.o
                0x08005cdc                HAL_UART_RxCpltCallback
 .text.HAL_UART_RxHalfCpltCallback
                0x08005cee       0x12 Drivers\STM32F1xx_HAL_Driver\Src\stm32f1xx_hal_uart.o
                0x08005cee                HAL_UART_RxHalfCpltCallback
 .text.HAL_UART_ErrorCallback
                0x08005d00       0x12 Drivers\STM32F1xx_HAL_Driver\Src\stm32f1xx_hal_uart.o
                0x08005d00                HAL_UART_ErrorCallback
 .text.UART_DMATransmitCplt
                0x08005d12       0x52 Drivers\STM32F1xx_HAL_Driver\Src\stm32f1xx_hal_uart.o
 .text.UART_DMATxHalfCplt
                0x08005d64       0x1c Drivers\STM32F1xx_HAL_Driver\Src\stm32f1xx_hal_uart.o
 .text.UART_DMAReceiveCplt
                0x08005d80       0x68 Drivers\STM32F1xx_HAL_Driver\Src\stm32f1xx_hal_uart.o
 .text.UART_DMARxHalfCplt
                0x08005de8       0x1c Drivers\STM32F1xx_HAL_Driver\Src\stm32f1xx_hal_uart.o
 .text.UART_DMAError
                0x08005e04       0x94 Drivers\STM32F1xx_HAL_Driver\Src\stm32f1xx_hal_uart.o
 .text.UART_WaitOnFlagUntilTimeout
                0x08005e98       0x94 Drivers\STM32F1xx_HAL_Driver\Src\stm32f1xx_hal_uart.o
 .text.UART_EndTxTransfer
                0x08005f2c       0x2a Drivers\STM32F1xx_HAL_Driver\Src\stm32f1xx_hal_uart.o
 .text.UART_EndRxTransfer
                0x08005f56       0x3a Drivers\STM32F1xx_HAL_Driver\Src\stm32f1xx_hal_uart.o
 .text.UART_DMAAbortOnError
                0x08005f90       0x28 Drivers\STM32F1xx_HAL_Driver\Src\stm32f1xx_hal_uart.o
 .text.UART_Transmit_IT
                0x08005fb8       0xa8 Drivers\STM32F1xx_HAL_Driver\Src\stm32f1xx_hal_uart.o
 .text.UART_EndTransmit_IT
                0x08006060       0x30 Drivers\STM32F1xx_HAL_Driver\Src\stm32f1xx_hal_uart.o
 .text.UART_Receive_IT
                0x08006090      0x102 Drivers\STM32F1xx_HAL_Driver\Src\stm32f1xx_hal_uart.o
 *fill*         0x08006192        0x2 
 .text.UART_SetConfig
                0x08006194      0x230 Drivers\STM32F1xx_HAL_Driver\Src\stm32f1xx_hal_uart.o
 .text.BH1750_Init
                0x080063c4       0x54 Src\BH1750.o
                0x080063c4                BH1750_Init
 .text.GetValidDataFromBH1750
                0x08006418       0xac Src\BH1750.o
                0x08006418                GetValidDataFromBH1750
 .text.FiltetAlgorithmforSensors
                0x080064c4       0xac Src\FilterAlgorithm.o
                0x080064c4                FiltetAlgorithmforSensors
 .text.smoothaverage_lib_X
                0x08006570       0xb2 Src\FilterAlgorithm.o
 .text.MHZ14CO2_Init
                0x08006622        0xc Src\Gas.o
                0x08006622                MHZ14CO2_Init
 *fill*         0x0800662e        0x2 
 .text.ZE03NH3_Init
                0x08006630       0x1c Src\Gas.o
                0x08006630                ZE03NH3_Init
 .text.GetValidDataFromMHZ14CO2
                0x0800664c       0x7c Src\Gas.o
                0x0800664c                GetValidDataFromMHZ14CO2
 .text.GetValidDataFromZE03NH3
                0x080066c8       0x68 Src\Gas.o
                0x080066c8                GetValidDataFromZE03NH3
 .text.GasReceiveDataCheckSum
                0x08006730       0x3e Src\Gas.o
                0x08006730                GasReceiveDataCheckSum
 .text.Hardware_Init
                0x0800676e       0x2c Src\HardwareInit.o
                0x0800676e                Hardware_Init
 *fill*         0x0800679a        0x2 
 .text.Get_SensorType
                0x0800679c       0x48 Src\HardwareInit.o
                0x0800679c                Get_SensorType
 .text.Get_SensorID
                0x080067e4       0x7c Src\HardwareInit.o
                0x080067e4                Get_SensorID
 .text.Sensor_Init
                0x08006860       0xc8 Src\HardwareInit.o
                0x08006860                Sensor_Init
 .text.RS485_Init
                0x08006928        0xe Src\HardwareInit.o
                0x08006928                RS485_Init
 *fill*         0x08006936        0x2 
 .text.Led_Init
                0x08006938       0x24 Src\Led.o
                0x08006938                Led_Init
 .text.LED2_MSGTX_Blink
                0x0800695c       0x28 Src\Led.o
                0x0800695c                LED2_MSGTX_Blink
 .text.LoraNode_Init_Mode
                0x08006984       0x30 Src\LoraNode.o
                0x08006984                LoraNode_Init_Mode
 .text.LoraNode_Reset
                0x080069b4       0x28 Src\LoraNode.o
                0x080069b4                LoraNode_Reset
 .text.LoraNode_Wake_Sleep
                0x080069dc       0x60 Src\LoraNode.o
                0x080069dc                LoraNode_Wake_Sleep
 .text.LoraNode_Mode_Set
                0x08006a3c       0x3c Src\LoraNode.o
                0x08006a3c                LoraNode_Mode_Set
 .text.NTC_ifAvailable
                0x08006a78       0x4c Src\NTC.o
                0x08006a78                NTC_ifAvailable
 *fill*         0x08006ac4        0x4 
 .text.GetWaterTemFromNTC
                0x08006ac8      0x27c Src\NTC.o
                0x08006ac8                GetWaterTemFromNTC
 .text.RS485Analysis
                0x08006d44       0x64 Src\RS485Analysis.o
                0x08006d44                RS485Analysis
 .text.MasterData_Analysis
                0x08006da8       0xc0 Src\RS485Analysis.o
                0x08006da8                MasterData_Analysis
 .text.Master_SensorData_Ack
                0x08006e68      0x45c Src\RS485Analysis.o
                0x08006e68                Master_SensorData_Ack
 .text.ModbusData_Analysis
                0x080072c4       0xa8 Src\RS485Analysis.o
                0x080072c4                ModbusData_Analysis
 .text.ModBus_SensorData_Ack
                0x0800736c      0x114 Src\RS485Analysis.o
                0x0800736c                ModBus_SensorData_Ack
 .text.RS485Uart_RX_TX_Switch
                0x08007480       0x3c Src\RS485Analysis.o
                0x08007480                RS485Uart_RX_TX_Switch
 .text.CRC16    0x080074bc       0x64 Src\RS485Analysis.o
                0x080074bc                CRC16
 .text.SHT30_Init
                0x08007520       0x28 Src\SHT30.o
                0x08007520                SHT30_Init
 .text.GetValidDataFromSHT30
                0x08007548       0x78 Src\SHT30.o
                0x08007548                GetValidDataFromSHT30
 .text.SHT30_Calc
                0x080075c0      0x1b4 Src\SHT30.o
                0x080075c0                SHT30_Calc
 .text.TemperatureData_NegativeValueJudge
                0x08007774       0x4c Src\SHT30.o
                0x08007774                TemperatureData_NegativeValueJudge
 .text.SHT30_CheckCrc8
                0x080077c0       0x6e Src\SHT30.o
                0x080077c0                SHT30_CheckCrc8
 *fill*         0x0800782e        0x2 
 .text.SensorAnalysis
                0x08007830       0x5c Src\SensorAnalysis.o
                0x08007830                SensorAnalysis
 .text.Get_SensorData
                0x0800788c      0x160 Src\SensorAnalysis.o
                0x0800788c                Get_SensorData
 .text.MX_ADC1_Init
                0x080079ec       0x7c Src\adc.o
                0x080079ec                MX_ADC1_Init
 .text.MX_ADC3_Init
                0x08007a68       0x7c Src\adc.o
                0x08007a68                MX_ADC3_Init
 .text.HAL_ADC_MspInit
                0x08007ae4      0x128 Src\adc.o
                0x08007ae4                HAL_ADC_MspInit
 .text.ADC_ReadData
                0x08007c0c       0x40 Src\adc.o
                0x08007c0c                ADC_ReadData
 .text.ADC_Average
                0x08007c4c       0x4a Src\adc.o
                0x08007c4c                ADC_Average
 *fill*         0x08007c96        0x2 
 .text.GetValidDataFromPressure
                0x08007c98      0x110 Src\adc.o
                0x08007c98                GetValidDataFromPressure
 .text.GetValidDataFromWindowPos
                0x08007da8      0x128 Src\adc.o
                0x08007da8                GetValidDataFromWindowPos
 .text.MX_CAN_Init
                0x08007ed0       0x6c Src\can.o
                0x08007ed0                MX_CAN_Init
 .text.HAL_CAN_MspInit
                0x08007f3c       0xa8 Src\can.o
                0x08007f3c                HAL_CAN_MspInit
 .text.HAL_CAN_RxFifo0MsgPendingCallback
                0x08007fe4       0x58 Src\can.o
                0x08007fe4                HAL_CAN_RxFifo0MsgPendingCallback
 .text.CAN_Config_Init
                0x0800803c       0x70 Src\can.o
                0x0800803c                CAN_Config_Init
 .text.MX_DMA_Init
                0x080080ac       0x74 Src\dma.o
                0x080080ac                MX_DMA_Init
 .text.MX_GPIO_Init
                0x08008120      0x170 Src\gpio.o
                0x08008120                MX_GPIO_Init
 .text.MX_I2C1_Init
                0x08008290       0x5c Src\i2c.o
                0x08008290                MX_I2C1_Init
 .text.HAL_I2C_MspInit
                0x080082ec       0x7c Src\i2c.o
                0x080082ec                HAL_I2C_MspInit
 .text.main     0x08008368       0x6c Src\main.o
                0x08008368                main
 .text.SystemClock_Config
                0x080083d4       0xbe Src\main.o
                0x080083d4                SystemClock_Config
 .text.MX_NVIC_Init
                0x08008492       0x68 Src\main.o
 .text.Error_Handler
                0x080084fa        0xc Src\main.o
                0x080084fa                Error_Handler
 *fill*         0x08008506        0x2 
 .text.HAL_MspInit
                0x08008508       0x64 Src\stm32f1xx_hal_msp.o
                0x08008508                HAL_MspInit
 .text.NMI_Handler
                0x0800856c        0xc Src\stm32f1xx_it.o
                0x0800856c                NMI_Handler
 .text.HardFault_Handler
                0x08008578        0x6 Src\stm32f1xx_it.o
                0x08008578                HardFault_Handler
 .text.MemManage_Handler
                0x0800857e        0x6 Src\stm32f1xx_it.o
                0x0800857e                MemManage_Handler
 .text.BusFault_Handler
                0x08008584        0x6 Src\stm32f1xx_it.o
                0x08008584                BusFault_Handler
 .text.UsageFault_Handler
                0x0800858a        0x6 Src\stm32f1xx_it.o
                0x0800858a                UsageFault_Handler
 .text.SVC_Handler
                0x08008590        0xc Src\stm32f1xx_it.o
                0x08008590                SVC_Handler
 .text.DebugMon_Handler
                0x0800859c        0xc Src\stm32f1xx_it.o
                0x0800859c                DebugMon_Handler
 .text.PendSV_Handler
                0x080085a8        0xc Src\stm32f1xx_it.o
                0x080085a8                PendSV_Handler
 .text.SysTick_Handler
                0x080085b4        0xc Src\stm32f1xx_it.o
                0x080085b4                SysTick_Handler
 .text.DMA1_Channel1_IRQHandler
                0x080085c0       0x14 Src\stm32f1xx_it.o
                0x080085c0                DMA1_Channel1_IRQHandler
 .text.DMA1_Channel3_IRQHandler
                0x080085d4       0x14 Src\stm32f1xx_it.o
                0x080085d4                DMA1_Channel3_IRQHandler
 .text.DMA1_Channel5_IRQHandler
                0x080085e8       0x14 Src\stm32f1xx_it.o
                0x080085e8                DMA1_Channel5_IRQHandler
 .text.DMA1_Channel6_IRQHandler
                0x080085fc       0x14 Src\stm32f1xx_it.o
                0x080085fc                DMA1_Channel6_IRQHandler
 .text.DMA1_Channel7_IRQHandler
                0x08008610       0x14 Src\stm32f1xx_it.o
                0x08008610                DMA1_Channel7_IRQHandler
 .text.USB_LP_CAN1_RX0_IRQHandler
                0x08008624       0x14 Src\stm32f1xx_it.o
                0x08008624                USB_LP_CAN1_RX0_IRQHandler
 .text.TIM3_IRQHandler
                0x08008638       0x14 Src\stm32f1xx_it.o
                0x08008638                TIM3_IRQHandler
 .text.USART1_IRQHandler
                0x0800864c       0x24 Src\stm32f1xx_it.o
                0x0800864c                USART1_IRQHandler
 .text.USART2_IRQHandler
                0x08008670       0x24 Src\stm32f1xx_it.o
                0x08008670                USART2_IRQHandler
 .text.USART3_IRQHandler
                0x08008694       0x24 Src\stm32f1xx_it.o
                0x08008694                USART3_IRQHandler
 .text.TIM5_IRQHandler
                0x080086b8       0x14 Src\stm32f1xx_it.o
                0x080086b8                TIM5_IRQHandler
 .text.UART4_IRQHandler
                0x080086cc       0x24 Src\stm32f1xx_it.o
                0x080086cc                UART4_IRQHandler
 .text.DMA2_Channel3_IRQHandler
                0x080086f0       0x14 Src\stm32f1xx_it.o
                0x080086f0                DMA2_Channel3_IRQHandler
 .text.DMA2_Channel4_5_IRQHandler
                0x08008704       0x14 Src\stm32f1xx_it.o
                0x08008704                DMA2_Channel4_5_IRQHandler
 .text._sbrk    0x08008718       0x58 Src\syscalls.o
                0x08008718                _sbrk
 .text.SystemInit
                0x08008770       0x68 Src\system_stm32f1xx.o
                0x08008770                SystemInit
 .text.MX_TIM2_Init
                0x080087d8       0x98 Src\tim.o
                0x080087d8                MX_TIM2_Init
 .text.MX_TIM3_Init
                0x08008870       0x9c Src\tim.o
                0x08008870                MX_TIM3_Init
 .text.MX_TIM5_Init
                0x0800890c       0x9c Src\tim.o
                0x0800890c                MX_TIM5_Init
 .text.HAL_TIM_Base_MspInit
                0x080089a8       0xa8 Src\tim.o
                0x080089a8                HAL_TIM_Base_MspInit
 .text.HAL_TIM_PeriodElapsedCallback
                0x08008a50       0x5c Src\tim.o
                0x08008a50                HAL_TIM_PeriodElapsedCallback
 .text.MX_UART4_Init
                0x08008aac       0x54 Src\usart.o
                0x08008aac                MX_UART4_Init
 .text.MX_USART1_UART_Init
                0x08008b00       0x54 Src\usart.o
                0x08008b00                MX_USART1_UART_Init
 .text.MX_USART2_UART_Init
                0x08008b54       0x54 Src\usart.o
                0x08008b54                MX_USART2_UART_Init
 .text.MX_USART3_UART_Init
                0x08008ba8       0x54 Src\usart.o
                0x08008ba8                MX_USART3_UART_Init
 .text.HAL_UART_MspInit
                0x08008bfc      0x41c Src\usart.o
                0x08008bfc                HAL_UART_MspInit
 .text.UART_IT_IDLE_InitAll
                0x08009018       0x58 Src\usart.o
                0x08009018                UART_IT_IDLE_InitAll
 .text.UART_IT_IDLE_Init
                0x08009070       0x56 Src\usart.o
                0x08009070                UART_IT_IDLE_Init
 *fill*         0x080090c6        0x2 
 .text.UARTReceive_IDLECallback
                0x080090c8       0x94 Src\usart.o
                0x080090c8                UARTReceive_IDLECallback
 .text.Reset_Handler
                0x0800915c       0x48 startup\startup_stm32f103xe.o
                0x0800915c                Reset_Handler
 .text.Default_Handler
                0x080091a4        0x2 startup\startup_stm32f103xe.o
                0x080091a4                RTC_Alarm_IRQHandler
                0x080091a4                EXTI2_IRQHandler
                0x080091a4                TIM8_TRG_COM_IRQHandler
                0x080091a4                TIM8_CC_IRQHandler
                0x080091a4                TIM1_CC_IRQHandler
                0x080091a4                TIM6_IRQHandler
                0x080091a4                PVD_IRQHandler
                0x080091a4                SDIO_IRQHandler
                0x080091a4                EXTI3_IRQHandler
                0x080091a4                EXTI0_IRQHandler
                0x080091a4                I2C2_EV_IRQHandler
                0x080091a4                ADC1_2_IRQHandler
                0x080091a4                SPI1_IRQHandler
                0x080091a4                TAMPER_IRQHandler
                0x080091a4                TIM8_UP_IRQHandler
                0x080091a4                DMA2_Channel2_IRQHandler
                0x080091a4                DMA1_Channel4_IRQHandler
                0x080091a4                RTC_IRQHandler
                0x080091a4                CAN1_RX1_IRQHandler
                0x080091a4                UART5_IRQHandler
                0x080091a4                ADC3_IRQHandler
                0x080091a4                TIM4_IRQHandler
                0x080091a4                DMA2_Channel1_IRQHandler
                0x080091a4                I2C1_EV_IRQHandler
                0x080091a4                RCC_IRQHandler
                0x080091a4                TIM1_TRG_COM_IRQHandler
                0x080091a4                Default_Handler
                0x080091a4                EXTI15_10_IRQHandler
                0x080091a4                TIM7_IRQHandler
                0x080091a4                EXTI9_5_IRQHandler
                0x080091a4                SPI2_IRQHandler
                0x080091a4                EXTI4_IRQHandler
                0x080091a4                USB_HP_CAN1_TX_IRQHandler
                0x080091a4                FSMC_IRQHandler
                0x080091a4                TIM1_UP_IRQHandler
                0x080091a4                WWDG_IRQHandler
                0x080091a4                TIM2_IRQHandler
                0x080091a4                TIM1_BRK_IRQHandler
                0x080091a4                EXTI1_IRQHandler
                0x080091a4                I2C2_ER_IRQHandler
                0x080091a4                DMA1_Channel2_IRQHandler
                0x080091a4                TIM8_BRK_IRQHandler
                0x080091a4                CAN1_SCE_IRQHandler
                0x080091a4                FLASH_IRQHandler
                0x080091a4                SPI3_IRQHandler
                0x080091a4                I2C1_ER_IRQHandler
                0x080091a4                USBWakeUp_IRQHandler
 *fill*         0x080091a6        0x2 
 .text.__errno  0x080091a8        0xc d:/software_files_technical_bank/truestudio for stm32 9.3.0/armtools/bin/../lib/gcc/arm-atollic-eabi/6.3.1/../../../../arm-atollic-eabi/lib/armv7-m\libc_nano.a(lib_a-errno.o)
                0x080091a8                __errno
 .text.__libc_init_array
                0x080091b4       0x48 d:/software_files_technical_bank/truestudio for stm32 9.3.0/armtools/bin/../lib/gcc/arm-atollic-eabi/6.3.1/../../../../arm-atollic-eabi/lib/armv7-m\libc_nano.a(lib_a-init.o)
                0x080091b4                __libc_init_array
 .text.memset   0x080091fc       0x10 d:/software_files_technical_bank/truestudio for stm32 9.3.0/armtools/bin/../lib/gcc/arm-atollic-eabi/6.3.1/../../../../arm-atollic-eabi/lib/armv7-m\libc_nano.a(lib_a-memset.o)
                0x080091fc                memset
 .text.sprintf  0x0800920c       0x48 d:/software_files_technical_bank/truestudio for stm32 9.3.0/armtools/bin/../lib/gcc/arm-atollic-eabi/6.3.1/../../../../arm-atollic-eabi/lib/armv7-m\libc_nano.a(lib_a-sprintf.o)
                0x0800920c                siprintf
                0x0800920c                sprintf
 .text.__ssputs_r
                0x08009254       0xb6 d:/software_files_technical_bank/truestudio for stm32 9.3.0/armtools/bin/../lib/gcc/arm-atollic-eabi/6.3.1/../../../../arm-atollic-eabi/lib/armv7-m\libc_nano.a(lib_a-nano-svfprintf.o)
                0x08009254                __ssputs_r
 *fill*         0x0800930a        0x2 
 .text._svfprintf_r
                0x0800930c      0x1e8 d:/software_files_technical_bank/truestudio for stm32 9.3.0/armtools/bin/../lib/gcc/arm-atollic-eabi/6.3.1/../../../../arm-atollic-eabi/lib/armv7-m\libc_nano.a(lib_a-nano-svfprintf.o)
                0x0800930c                _svfiprintf_r
                0x0800930c                _svfprintf_r
 .text._printf_common
                0x080094f4       0xee d:/software_files_technical_bank/truestudio for stm32 9.3.0/armtools/bin/../lib/gcc/arm-atollic-eabi/6.3.1/../../../../arm-atollic-eabi/lib/armv7-m\libc_nano.a(lib_a-nano-vfprintf_i.o)
                0x080094f4                _printf_common
 *fill*         0x080095e2        0x2 
 .text._printf_i
                0x080095e4      0x240 d:/software_files_technical_bank/truestudio for stm32 9.3.0/armtools/bin/../lib/gcc/arm-atollic-eabi/6.3.1/../../../../arm-atollic-eabi/lib/armv7-m\libc_nano.a(lib_a-nano-vfprintf_i.o)
                0x080095e4                _printf_i
 .text.memchr   0x08009824       0x1c d:/software_files_technical_bank/truestudio for stm32 9.3.0/armtools/bin/../lib/gcc/arm-atollic-eabi/6.3.1/../../../../arm-atollic-eabi/lib/armv7-m\libc_nano.a(lib_a-memchr-stub.o)
                0x08009824                memchr
 .text.memcpy   0x08009840       0x16 d:/software_files_technical_bank/truestudio for stm32 9.3.0/armtools/bin/../lib/gcc/arm-atollic-eabi/6.3.1/../../../../arm-atollic-eabi/lib/armv7-m\libc_nano.a(lib_a-memcpy-stub.o)
                0x08009840                memcpy
 .text.memmove  0x08009856       0x34 d:/software_files_technical_bank/truestudio for stm32 9.3.0/armtools/bin/../lib/gcc/arm-atollic-eabi/6.3.1/../../../../arm-atollic-eabi/lib/armv7-m\libc_nano.a(lib_a-memmove.o)
                0x08009856                memmove
 *fill*         0x0800988a        0x2 
 .text._free_r  0x0800988c       0x98 d:/software_files_technical_bank/truestudio for stm32 9.3.0/armtools/bin/../lib/gcc/arm-atollic-eabi/6.3.1/../../../../arm-atollic-eabi/lib/armv7-m\libc_nano.a(lib_a-nano-freer.o)
                0x0800988c                _free_r
 .text._malloc_r
                0x08009924       0xbc d:/software_files_technical_bank/truestudio for stm32 9.3.0/armtools/bin/../lib/gcc/arm-atollic-eabi/6.3.1/../../../../arm-atollic-eabi/lib/armv7-m\libc_nano.a(lib_a-nano-mallocr.o)
                0x08009924                _malloc_r
 .text._realloc_r
                0x080099e0       0x4c d:/software_files_technical_bank/truestudio for stm32 9.3.0/armtools/bin/../lib/gcc/arm-atollic-eabi/6.3.1/../../../../arm-atollic-eabi/lib/armv7-m\libc_nano.a(lib_a-nano-reallocr.o)
                0x080099e0                _realloc_r
 .text._sbrk_r  0x08009a2c       0x20 d:/software_files_technical_bank/truestudio for stm32 9.3.0/armtools/bin/../lib/gcc/arm-atollic-eabi/6.3.1/../../../../arm-atollic-eabi/lib/armv7-m\libc_nano.a(lib_a-sbrkr.o)
                0x08009a2c                _sbrk_r
 .text.__malloc_lock
                0x08009a4c        0x2 d:/software_files_technical_bank/truestudio for stm32 9.3.0/armtools/bin/../lib/gcc/arm-atollic-eabi/6.3.1/../../../../arm-atollic-eabi/lib/armv7-m\libc_nano.a(lib_a-mlock.o)
                0x08009a4c                __malloc_lock
 .text.__malloc_unlock
                0x08009a4e        0x2 d:/software_files_technical_bank/truestudio for stm32 9.3.0/armtools/bin/../lib/gcc/arm-atollic-eabi/6.3.1/../../../../arm-atollic-eabi/lib/armv7-m\libc_nano.a(lib_a-mlock.o)
                0x08009a4e                __malloc_unlock
 .text._malloc_usable_size_r
                0x08009a50       0x12 d:/software_files_technical_bank/truestudio for stm32 9.3.0/armtools/bin/../lib/gcc/arm-atollic-eabi/6.3.1/../../../../arm-atollic-eabi/lib/armv7-m\libc_nano.a(lib_a-nano-msizer.o)
                0x08009a50                _malloc_usable_size_r
 *(.glue_7)
 .glue_7        0x08009a62        0x0 linker stubs
 *(.glue_7t)
 .glue_7t       0x08009a62        0x0 linker stubs
 *(.eh_frame)
 *fill*         0x08009a62        0x2 
 .eh_frame      0x08009a64        0x0 d:/software_files_technical_bank/truestudio for stm32 9.3.0/armtools/bin/../lib/gcc/arm-atollic-eabi/6.3.1/armv7-m/crtbegin.o
 *(.init)
 .init          0x08009a64        0x4 d:/software_files_technical_bank/truestudio for stm32 9.3.0/armtools/bin/../lib/gcc/arm-atollic-eabi/6.3.1/armv7-m/crti.o
                0x08009a64                _init
 .init          0x08009a68        0x8 d:/software_files_technical_bank/truestudio for stm32 9.3.0/armtools/bin/../lib/gcc/arm-atollic-eabi/6.3.1/armv7-m/crtn.o
 *(.fini)
 .fini          0x08009a70        0x4 d:/software_files_technical_bank/truestudio for stm32 9.3.0/armtools/bin/../lib/gcc/arm-atollic-eabi/6.3.1/armv7-m/crti.o
                0x08009a70                _fini
 .fini          0x08009a74        0x8 d:/software_files_technical_bank/truestudio for stm32 9.3.0/armtools/bin/../lib/gcc/arm-atollic-eabi/6.3.1/armv7-m/crtn.o
                0x08009a7c                . = ALIGN (0x4)
                0x08009a7c                _etext = .

.vfp11_veneer   0x08009a7c        0x0
 .vfp11_veneer  0x08009a7c        0x0 linker stubs

.v4_bx          0x08009a7c        0x0
 .v4_bx         0x08009a7c        0x0 linker stubs

.iplt           0x08009a7c        0x0
 .iplt          0x08009a7c        0x0 d:/software_files_technical_bank/truestudio for stm32 9.3.0/armtools/bin/../lib/gcc/arm-atollic-eabi/6.3.1/armv7-m/crtbegin.o

.rodata         0x08009a7c      0xa28
                0x08009a7c                . = ALIGN (0x4)
 *(.rodata)
 .rodata        0x08009a7c       0x12 Drivers\STM32F1xx_HAL_Driver\Src\stm32f1xx_hal_rcc.o
 *fill*         0x08009a8e        0x2 
 .rodata        0x08009a90       0x12 Drivers\STM32F1xx_HAL_Driver\Src\stm32f1xx_hal_rcc_ex.o
 *fill*         0x08009aa2        0x2 
 .rodata        0x08009aa4       0x1b Src\HardwareInit.o
 *fill*         0x08009abf        0x1 
 .rodata        0x08009ac0        0xf Src\SensorAnalysis.o
 *(.rodata*)
 *fill*         0x08009acf        0x1 
 .rodata.ntc_3950_data
                0x08009ad0      0x788 Src\NTC.o
                0x08009ad0                ntc_3950_data
 .rodata.auchCRCHi
                0x0800a258      0x100 Src\RS485Analysis.o
                0x0800a258                auchCRCHi
 .rodata.auchCRCLo
                0x0800a358      0x100 Src\RS485Analysis.o
                0x0800a358                auchCRCLo
 .rodata.AHBPrescTable
                0x0800a458       0x10 Src\system_stm32f1xx.o
                0x0800a458                AHBPrescTable
 .rodata.APBPrescTable
                0x0800a468        0x8 Src\system_stm32f1xx.o
                0x0800a468                APBPrescTable
 .rodata._svfprintf_r.str1.1
                0x0800a470       0x11 d:/software_files_technical_bank/truestudio for stm32 9.3.0/armtools/bin/../lib/gcc/arm-atollic-eabi/6.3.1/../../../../arm-atollic-eabi/lib/armv7-m\libc_nano.a(lib_a-nano-svfprintf.o)
 .rodata._printf_i.str1.1
                0x0800a481       0x22 d:/software_files_technical_bank/truestudio for stm32 9.3.0/armtools/bin/../lib/gcc/arm-atollic-eabi/6.3.1/../../../../arm-atollic-eabi/lib/armv7-m\libc_nano.a(lib_a-nano-vfprintf_i.o)
                0x0800a4a4                . = ALIGN (0x4)
 *fill*         0x0800a4a3        0x1 

.rel.dyn        0x0800a4a4        0x0
 .rel.iplt      0x0800a4a4        0x0 d:/software_files_technical_bank/truestudio for stm32 9.3.0/armtools/bin/../lib/gcc/arm-atollic-eabi/6.3.1/armv7-m/crtbegin.o

.ARM.extab
 *(.ARM.extab* .gnu.linkonce.armextab.*)

.ARM            0x0800a4a4        0x0
                0x0800a4a4                __exidx_start = .
 *(.ARM.exidx*)
                0x0800a4a4                __exidx_end = .

.preinit_array  0x0800a4a4        0x0
                0x0800a4a4                PROVIDE (__preinit_array_start, .)
 *(.preinit_array*)
                0x0800a4a4                PROVIDE (__preinit_array_end, .)

.init_array     0x0800a4a4        0x4
                0x0800a4a4                PROVIDE (__init_array_start, .)
 *(SORT(.init_array.*))
 *(.init_array*)
 .init_array    0x0800a4a4        0x4 d:/software_files_technical_bank/truestudio for stm32 9.3.0/armtools/bin/../lib/gcc/arm-atollic-eabi/6.3.1/armv7-m/crtbegin.o
                0x0800a4a8                PROVIDE (__init_array_end, .)

.fini_array     0x0800a4a8        0x4
                [!provide]                PROVIDE (__fini_array_start, .)
 *(SORT(.fini_array.*))
 *(.fini_array*)
 .fini_array    0x0800a4a8        0x4 d:/software_files_technical_bank/truestudio for stm32 9.3.0/armtools/bin/../lib/gcc/arm-atollic-eabi/6.3.1/armv7-m/crtbegin.o
                [!provide]                PROVIDE (__fini_array_end, .)
                0x0800a4ac                _sidata = LOADADDR (.data)

.data           0x20000000       0x90 load address 0x0800a4ac
                0x20000000                . = ALIGN (0x4)
                0x20000000                _sdata = .
 *(.data)
 *(.data*)
 .data.uwTickPrio
                0x20000000        0x4 Drivers\STM32F1xx_HAL_Driver\Src\stm32f1xx_hal.o
                0x20000000                uwTickPrio
 .data.uwTickFreq
                0x20000004        0x1 Drivers\STM32F1xx_HAL_Driver\Src\stm32f1xx_hal.o
                0x20000004                uwTickFreq
 .data.BH1750_PowON_Command
                0x20000005        0x1 Src\BH1750.o
                0x20000005                BH1750_PowON_Command
 .data.BH1750_RSET_Command
                0x20000006        0x1 Src\BH1750.o
                0x20000006                BH1750_RSET_Command
 .data.BH1750_CON_H_Command
                0x20000007        0x1 Src\BH1750.o
                0x20000007                BH1750_CON_H_Command
 .data.NH3_ChangeToActiveCommand
                0x20000008        0x9 Src\Gas.o
                0x20000008                NH3_ChangeToActiveCommand
 *fill*         0x20000011        0x3 
 .data.Gas_ReadValueCommand
                0x20000014        0x9 Src\Gas.o
                0x20000014                Gas_ReadValueCommand
 *fill*         0x2000001d        0x3 
 .data.SHT30_Modecommand_Buffer
                0x20000020        0x2 Src\SHT30.o
                0x20000020                SHT30_Modecommand_Buffer
 *fill*         0x20000022        0x2 
 .data.SHT30_Fetchcommand_Buffer
                0x20000024        0x2 Src\SHT30.o
                0x20000024                SHT30_Fetchcommand_Buffer
 *fill*         0x20000026        0x2 
 .data.SystemCoreClock
                0x20000028        0x4 Src\system_stm32f1xx.o
                0x20000028                SystemCoreClock
 .data._impure_ptr
                0x2000002c        0x4 d:/software_files_technical_bank/truestudio for stm32 9.3.0/armtools/bin/../lib/gcc/arm-atollic-eabi/6.3.1/../../../../arm-atollic-eabi/lib/armv7-m\libc_nano.a(lib_a-impure.o)
                0x2000002c                _impure_ptr
 .data.impure_data
                0x20000030       0x60 d:/software_files_technical_bank/truestudio for stm32 9.3.0/armtools/bin/../lib/gcc/arm-atollic-eabi/6.3.1/../../../../arm-atollic-eabi/lib/armv7-m\libc_nano.a(lib_a-impure.o)
                0x20000090                . = ALIGN (0x4)
                0x20000090                _edata = .

.igot.plt       0x20000090        0x0 load address 0x0800a53c
 .igot.plt      0x20000090        0x0 d:/software_files_technical_bank/truestudio for stm32 9.3.0/armtools/bin/../lib/gcc/arm-atollic-eabi/6.3.1/armv7-m/crtbegin.o
                0x20000090                . = ALIGN (0x4)

.bss            0x20000090     0x1614 load address 0x0800a53c
                0x20000090                _sbss = .
                0x20000090                __bss_start__ = _sbss
 *(.bss)
 .bss           0x20000090       0x1c d:/software_files_technical_bank/truestudio for stm32 9.3.0/armtools/bin/../lib/gcc/arm-atollic-eabi/6.3.1/armv7-m/crtbegin.o
 *(.bss*)
 .bss.CanDataSendTimerFlag
                0x200000ac        0x1 Src\CanAnalysis.o
                0x200000ac                CanDataSendTimerFlag
 *fill*         0x200000ad        0x3 
 .bss.filter    0x200000b0       0xdc Src\FilterAlgorithm.o
                0x200000b0                filter
 .bss.Master51AckBuf
                0x2000018c        0x8 Src\RS485Analysis.o
                0x2000018c                Master51AckBuf
 .bss.Master52AckBuf
                0x20000194        0xf Src\RS485Analysis.o
                0x20000194                Master52AckBuf
 *fill*         0x200001a3        0x1 
 .bss.ModbusAckBuf
                0x200001a4        0x9 Src\RS485Analysis.o
                0x200001a4                ModbusAckBuf
 *fill*         0x200001ad        0x3 
 .bss.SHT30_Data_Buffer
                0x200001b0        0x6 Src\SHT30.o
                0x200001b0                SHT30_Data_Buffer
 .bss.SensorReadTimerFlag
                0x200001b6        0x1 Src\SensorAnalysis.o
                0x200001b6                SensorReadTimerFlag
 *fill*         0x200001b7        0x1 
 .bss.Tick_GetSensorData
                0x200001b8        0x4 Src\SensorAnalysis.o
                0x200001b8                Tick_GetSensorData
 .bss.ad_data.7617
                0x200001bc        0x2 Src\adc.o
 *fill*         0x200001be        0x2 
 .bss.heap_end.5887
                0x200001c0        0x4 Src\syscalls.o
 .bss.Time_cnt.7656
                0x200001c4        0x1 Src\tim.o
 .bss.UsartAllowSend
                0x200001c5        0x1 Src\usart.o
                0x200001c5                UsartAllowSend
 *fill*         0x200001c6        0x2 
 .bss.__malloc_free_list
                0x200001c8        0x4 d:/software_files_technical_bank/truestudio for stm32 9.3.0/armtools/bin/../lib/gcc/arm-atollic-eabi/6.3.1/../../../../arm-atollic-eabi/lib/armv7-m\libc_nano.a(lib_a-nano-mallocr.o)
                0x200001c8                __malloc_free_list
 .bss.__malloc_sbrk_start
                0x200001cc        0x4 d:/software_files_technical_bank/truestudio for stm32 9.3.0/armtools/bin/../lib/gcc/arm-atollic-eabi/6.3.1/../../../../arm-atollic-eabi/lib/armv7-m\libc_nano.a(lib_a-nano-mallocr.o)
                0x200001cc                __malloc_sbrk_start
 *(COMMON)
 COMMON         0x200001d0        0x4 Drivers\STM32F1xx_HAL_Driver\Src\stm32f1xx_hal.o
                0x200001d0                uwTick
 COMMON         0x200001d4        0x2 Src\BH1750.o
                0x200001d4                BH1750_Data_Buffer
 COMMON         0x200001d6        0x2 Src\HardwareInit.o
                0x200001d6                Sensor_Type
                0x200001d7                Sensor_ID
 COMMON         0x200001d8        0x4 Src\RS485Analysis.o
                0x200001d8                Tick_RS485Ack
 COMMON         0x200001dc       0x3c Src\SensorAnalysis.o
                0x200001dc                SensorData_Buff
                0x200001fc                Sensor_Data
 COMMON         0x20000218       0xa4 Src\adc.o
                0x20000218                hadc1
                0x20000248                hadc3
                0x20000278                hdma_adc1
 COMMON         0x200002bc       0x28 Src\can.o
                0x200002bc                hcan
 COMMON         0x200002e4       0x54 Src\i2c.o
                0x200002e4                hi2c1
 COMMON         0x20000338       0xc0 Src\tim.o
                0x20000338                htim5
                0x20000378                htim3
                0x200003b8                htim2
 COMMON         0x200003f8     0x12a8 Src\usart.o
                0x200003f8                hdma_uart4_rx
                0x2000043c                hdma_usart2_rx
                0x20000480                hdma_usart3_rx
                0x200004c4                huart3
                0x20000504                RS485Uart_RX
                0x20000908                hdma_usart1_rx
                0x2000094c                hdma_usart2_tx
                0x20000990                LoraUart_RX
                0x20000d94                huart1
                0x20000dd4                PCUart_RX
                0x200011d8                huart4
                0x20001218                huart2
                0x20001258                GasUart_RX
                0x2000165c                hdma_uart4_tx
 COMMON         0x200016a0        0x4 d:/software_files_technical_bank/truestudio for stm32 9.3.0/armtools/bin/../lib/gcc/arm-atollic-eabi/6.3.1/../../../../arm-atollic-eabi/lib/armv7-m\libc_nano.a(lib_a-reent.o)
                0x200016a0                errno
                0x200016a4                . = ALIGN (0x4)
                0x200016a4                _ebss = .
                0x200016a4                __bss_end__ = _ebss

._user_heap_stack
                0x200016a4      0x600 load address 0x0800a53c
                0x200016a4                . = ALIGN (0x4)
                0x200016a4                PROVIDE (end, .)
                [!provide]                PROVIDE (_end, .)
                0x200018a4                . = (. + _Min_Heap_Size)
 *fill*         0x200016a4      0x200 
                0x20001ca4                . = (. + _Min_Stack_Size)
 *fill*         0x200018a4      0x400 
                0x20001ca4                . = ALIGN (0x4)

/DISCARD/
 libc.a(*)
 libm.a(*)
 libgcc.a(*)

.ARM.attributes
                0x00000000       0x29
 *(.ARM.attributes)
 .ARM.attributes
                0x00000000       0x1d d:/software_files_technical_bank/truestudio for stm32 9.3.0/armtools/bin/../lib/gcc/arm-atollic-eabi/6.3.1/armv7-m/crti.o
 .ARM.attributes
                0x0000001d       0x2d d:/software_files_technical_bank/truestudio for stm32 9.3.0/armtools/bin/../lib/gcc/arm-atollic-eabi/6.3.1/armv7-m/crtbegin.o
 .ARM.attributes
                0x0000004a       0x33 Drivers\STM32F1xx_HAL_Driver\Src\stm32f1xx_hal.o
 .ARM.attributes
                0x0000007d       0x33 Drivers\STM32F1xx_HAL_Driver\Src\stm32f1xx_hal_adc.o
 .ARM.attributes
                0x000000b0       0x33 Drivers\STM32F1xx_HAL_Driver\Src\stm32f1xx_hal_can.o
 .ARM.attributes
                0x000000e3       0x33 Drivers\STM32F1xx_HAL_Driver\Src\stm32f1xx_hal_cortex.o
 .ARM.attributes
                0x00000116       0x33 Drivers\STM32F1xx_HAL_Driver\Src\stm32f1xx_hal_dma.o
 .ARM.attributes
                0x00000149       0x33 Drivers\STM32F1xx_HAL_Driver\Src\stm32f1xx_hal_gpio.o
 .ARM.attributes
                0x0000017c       0x33 Drivers\STM32F1xx_HAL_Driver\Src\stm32f1xx_hal_i2c.o
 .ARM.attributes
                0x000001af       0x33 Drivers\STM32F1xx_HAL_Driver\Src\stm32f1xx_hal_rcc.o
 .ARM.attributes
                0x000001e2       0x33 Drivers\STM32F1xx_HAL_Driver\Src\stm32f1xx_hal_rcc_ex.o
 .ARM.attributes
                0x00000215       0x33 Drivers\STM32F1xx_HAL_Driver\Src\stm32f1xx_hal_tim.o
 .ARM.attributes
                0x00000248       0x33 Drivers\STM32F1xx_HAL_Driver\Src\stm32f1xx_hal_tim_ex.o
 .ARM.attributes
                0x0000027b       0x33 Drivers\STM32F1xx_HAL_Driver\Src\stm32f1xx_hal_uart.o
 .ARM.attributes
                0x000002ae       0x33 Src\BH1750.o
 .ARM.attributes
                0x000002e1       0x33 Src\CanAnalysis.o
 .ARM.attributes
                0x00000314       0x33 Src\FilterAlgorithm.o
 .ARM.attributes
                0x00000347       0x33 Src\Gas.o
 .ARM.attributes
                0x0000037a       0x33 Src\HardwareInit.o
 .ARM.attributes
                0x000003ad       0x33 Src\Led.o
 .ARM.attributes
                0x000003e0       0x33 Src\LoraNode.o
 .ARM.attributes
                0x00000413       0x33 Src\NTC.o
 .ARM.attributes
                0x00000446       0x33 Src\RS485Analysis.o
 .ARM.attributes
                0x00000479       0x33 Src\SHT30.o
 .ARM.attributes
                0x000004ac       0x33 Src\SensorAnalysis.o
 .ARM.attributes
                0x000004df       0x33 Src\adc.o
 .ARM.attributes
                0x00000512       0x33 Src\can.o
 .ARM.attributes
                0x00000545       0x33 Src\dma.o
 .ARM.attributes
                0x00000578       0x33 Src\gpio.o
 .ARM.attributes
                0x000005ab       0x33 Src\i2c.o
 .ARM.attributes
                0x000005de       0x33 Src\main.o
 .ARM.attributes
                0x00000611       0x33 Src\stm32f1xx_hal_msp.o
 .ARM.attributes
                0x00000644       0x33 Src\stm32f1xx_it.o
 .ARM.attributes
                0x00000677       0x33 Src\syscalls.o
 .ARM.attributes
                0x000006aa       0x33 Src\system_stm32f1xx.o
 .ARM.attributes
                0x000006dd       0x33 Src\tim.o
 .ARM.attributes
                0x00000710       0x33 Src\usart.o
 .ARM.attributes
                0x00000743       0x21 startup\startup_stm32f103xe.o
 .ARM.attributes
                0x00000764       0x2d d:/software_files_technical_bank/truestudio for stm32 9.3.0/armtools/bin/../lib/gcc/arm-atollic-eabi/6.3.1/../../../../arm-atollic-eabi/lib/armv7-m\libc_nano.a(lib_a-errno.o)
 .ARM.attributes
                0x00000791       0x2d d:/software_files_technical_bank/truestudio for stm32 9.3.0/armtools/bin/../lib/gcc/arm-atollic-eabi/6.3.1/../../../../arm-atollic-eabi/lib/armv7-m\libc_nano.a(lib_a-impure.o)
 .ARM.attributes
                0x000007be       0x2d d:/software_files_technical_bank/truestudio for stm32 9.3.0/armtools/bin/../lib/gcc/arm-atollic-eabi/6.3.1/../../../../arm-atollic-eabi/lib/armv7-m\libc_nano.a(lib_a-init.o)
 .ARM.attributes
                0x000007eb       0x2d d:/software_files_technical_bank/truestudio for stm32 9.3.0/armtools/bin/../lib/gcc/arm-atollic-eabi/6.3.1/../../../../arm-atollic-eabi/lib/armv7-m\libc_nano.a(lib_a-memset.o)
 .ARM.attributes
                0x00000818       0x2d d:/software_files_technical_bank/truestudio for stm32 9.3.0/armtools/bin/../lib/gcc/arm-atollic-eabi/6.3.1/../../../../arm-atollic-eabi/lib/armv7-m\libc_nano.a(lib_a-sprintf.o)
 .ARM.attributes
                0x00000845       0x17 d:/software_files_technical_bank/truestudio for stm32 9.3.0/armtools/bin/../lib/gcc/arm-atollic-eabi/6.3.1/../../../../arm-atollic-eabi/lib/armv7-m\libc_nano.a(lib_a-strlen.o)
 .ARM.attributes
                0x0000085c       0x2d d:/software_files_technical_bank/truestudio for stm32 9.3.0/armtools/bin/../lib/gcc/arm-atollic-eabi/6.3.1/../../../../arm-atollic-eabi/lib/armv7-m\libc_nano.a(lib_a-nano-svfprintf.o)
 .ARM.attributes
                0x00000889       0x2d d:/software_files_technical_bank/truestudio for stm32 9.3.0/armtools/bin/../lib/gcc/arm-atollic-eabi/6.3.1/../../../../arm-atollic-eabi/lib/armv7-m\libc_nano.a(lib_a-nano-vfprintf_i.o)
 .ARM.attributes
                0x000008b6       0x2d d:/software_files_technical_bank/truestudio for stm32 9.3.0/armtools/bin/../lib/gcc/arm-atollic-eabi/6.3.1/../../../../arm-atollic-eabi/lib/armv7-m\libc_nano.a(lib_a-memchr-stub.o)
 .ARM.attributes
                0x000008e3       0x2d d:/software_files_technical_bank/truestudio for stm32 9.3.0/armtools/bin/../lib/gcc/arm-atollic-eabi/6.3.1/../../../../arm-atollic-eabi/lib/armv7-m\libc_nano.a(lib_a-memcpy-stub.o)
 .ARM.attributes
                0x00000910       0x2d d:/software_files_technical_bank/truestudio for stm32 9.3.0/armtools/bin/../lib/gcc/arm-atollic-eabi/6.3.1/../../../../arm-atollic-eabi/lib/armv7-m\libc_nano.a(lib_a-memmove.o)
 .ARM.attributes
                0x0000093d       0x2d d:/software_files_technical_bank/truestudio for stm32 9.3.0/armtools/bin/../lib/gcc/arm-atollic-eabi/6.3.1/../../../../arm-atollic-eabi/lib/armv7-m\libc_nano.a(lib_a-nano-freer.o)
 .ARM.attributes
                0x0000096a       0x2d d:/software_files_technical_bank/truestudio for stm32 9.3.0/armtools/bin/../lib/gcc/arm-atollic-eabi/6.3.1/../../../../arm-atollic-eabi/lib/armv7-m\libc_nano.a(lib_a-nano-mallocr.o)
 .ARM.attributes
                0x00000997       0x2d d:/software_files_technical_bank/truestudio for stm32 9.3.0/armtools/bin/../lib/gcc/arm-atollic-eabi/6.3.1/../../../../arm-atollic-eabi/lib/armv7-m\libc_nano.a(lib_a-nano-reallocr.o)
 .ARM.attributes
                0x000009c4       0x2d d:/software_files_technical_bank/truestudio for stm32 9.3.0/armtools/bin/../lib/gcc/arm-atollic-eabi/6.3.1/../../../../arm-atollic-eabi/lib/armv7-m\libc_nano.a(lib_a-sbrkr.o)
 .ARM.attributes
                0x000009f1       0x2d d:/software_files_technical_bank/truestudio for stm32 9.3.0/armtools/bin/../lib/gcc/arm-atollic-eabi/6.3.1/../../../../arm-atollic-eabi/lib/armv7-m\libc_nano.a(lib_a-mlock.o)
 .ARM.attributes
                0x00000a1e       0x2d d:/software_files_technical_bank/truestudio for stm32 9.3.0/armtools/bin/../lib/gcc/arm-atollic-eabi/6.3.1/../../../../arm-atollic-eabi/lib/armv7-m\libc_nano.a(lib_a-nano-msizer.o)
 .ARM.attributes
                0x00000a4b       0x2d d:/software_files_technical_bank/truestudio for stm32 9.3.0/armtools/bin/../lib/gcc/arm-atollic-eabi/6.3.1/../../../../arm-atollic-eabi/lib/armv7-m\libc_nano.a(lib_a-reent.o)
 .ARM.attributes
                0x00000a78       0x1d d:/software_files_technical_bank/truestudio for stm32 9.3.0/armtools/bin/../lib/gcc/arm-atollic-eabi/6.3.1/armv7-m\libgcc.a(_arm_addsubdf3.o)
 .ARM.attributes
                0x00000a95       0x1d d:/software_files_technical_bank/truestudio for stm32 9.3.0/armtools/bin/../lib/gcc/arm-atollic-eabi/6.3.1/armv7-m\libgcc.a(_arm_muldivdf3.o)
 .ARM.attributes
                0x00000ab2       0x1d d:/software_files_technical_bank/truestudio for stm32 9.3.0/armtools/bin/../lib/gcc/arm-atollic-eabi/6.3.1/armv7-m\libgcc.a(_arm_cmpdf2.o)
 .ARM.attributes
                0x00000acf       0x1d d:/software_files_technical_bank/truestudio for stm32 9.3.0/armtools/bin/../lib/gcc/arm-atollic-eabi/6.3.1/armv7-m\libgcc.a(_arm_fixunsdfsi.o)
 .ARM.attributes
                0x00000aec       0x1d d:/software_files_technical_bank/truestudio for stm32 9.3.0/armtools/bin/../lib/gcc/arm-atollic-eabi/6.3.1/armv7-m\libgcc.a(_arm_truncdfsf2.o)
 .ARM.attributes
                0x00000b09       0x1d d:/software_files_technical_bank/truestudio for stm32 9.3.0/armtools/bin/../lib/gcc/arm-atollic-eabi/6.3.1/armv7-m\libgcc.a(_arm_addsubsf3.o)
 .ARM.attributes
                0x00000b26       0x1d d:/software_files_technical_bank/truestudio for stm32 9.3.0/armtools/bin/../lib/gcc/arm-atollic-eabi/6.3.1/armv7-m\libgcc.a(_arm_muldivsf3.o)
 .ARM.attributes
                0x00000b43       0x1d d:/software_files_technical_bank/truestudio for stm32 9.3.0/armtools/bin/../lib/gcc/arm-atollic-eabi/6.3.1/armv7-m\libgcc.a(_arm_cmpsf2.o)
 .ARM.attributes
                0x00000b60       0x1d d:/software_files_technical_bank/truestudio for stm32 9.3.0/armtools/bin/../lib/gcc/arm-atollic-eabi/6.3.1/armv7-m\libgcc.a(_arm_fixunssfsi.o)
 .ARM.attributes
                0x00000b7d       0x1d d:/software_files_technical_bank/truestudio for stm32 9.3.0/armtools/bin/../lib/gcc/arm-atollic-eabi/6.3.1/armv7-m/crtn.o
OUTPUT(FFM_SensorDevice.elf elf32-littlearm)

.debug_info     0x00000000    0x2a908
 .debug_info    0x00000000      0xf60 Drivers\STM32F1xx_HAL_Driver\Src\stm32f1xx_hal.o
 .debug_info    0x00000f60     0x145f Drivers\STM32F1xx_HAL_Driver\Src\stm32f1xx_hal_adc.o
 .debug_info    0x000023bf     0x17c2 Drivers\STM32F1xx_HAL_Driver\Src\stm32f1xx_hal_can.o
 .debug_info    0x00003b81     0x13af Drivers\STM32F1xx_HAL_Driver\Src\stm32f1xx_hal_cortex.o
 .debug_info    0x00004f30      0xfb2 Drivers\STM32F1xx_HAL_Driver\Src\stm32f1xx_hal_dma.o
 .debug_info    0x00005ee2      0xeac Drivers\STM32F1xx_HAL_Driver\Src\stm32f1xx_hal_gpio.o
 .debug_info    0x00006d8e     0x29bb Drivers\STM32F1xx_HAL_Driver\Src\stm32f1xx_hal_i2c.o
 .debug_info    0x00009749     0x1028 Drivers\STM32F1xx_HAL_Driver\Src\stm32f1xx_hal_rcc.o
 .debug_info    0x0000a771      0xc64 Drivers\STM32F1xx_HAL_Driver\Src\stm32f1xx_hal_rcc_ex.o
 .debug_info    0x0000b3d5     0x2a11 Drivers\STM32F1xx_HAL_Driver\Src\stm32f1xx_hal_tim.o
 .debug_info    0x0000dde6     0x17c1 Drivers\STM32F1xx_HAL_Driver\Src\stm32f1xx_hal_tim_ex.o
 .debug_info    0x0000f5a7     0x19dd Drivers\STM32F1xx_HAL_Driver\Src\stm32f1xx_hal_uart.o
 .debug_info    0x00010f84      0xfca Src\BH1750.o
 .debug_info    0x00011f4e     0x1189 Src\CanAnalysis.o
 .debug_info    0x000130d7      0xf74 Src\FilterAlgorithm.o
 .debug_info    0x0001404b     0x104a Src\Gas.o
 .debug_info    0x00015095     0x1418 Src\HardwareInit.o
 .debug_info    0x000164ad      0xa4d Src\Led.o
 .debug_info    0x00016efa     0x14ac Src\LoraNode.o
 .debug_info    0x000183a6      0xf5f Src\NTC.o
 .debug_info    0x00019305     0x139d Src\RS485Analysis.o
 .debug_info    0x0001a6a2     0x1381 Src\SHT30.o
 .debug_info    0x0001ba23     0x1575 Src\SensorAnalysis.o
 .debug_info    0x0001cf98     0x12b8 Src\adc.o
 .debug_info    0x0001e250     0x1821 Src\can.o
 .debug_info    0x0001fa71      0xc02 Src\dma.o
 .debug_info    0x00020673      0xb81 Src\gpio.o
 .debug_info    0x000211f4     0x1044 Src\i2c.o
 .debug_info    0x00022238     0x1f0b Src\main.o
 .debug_info    0x00024143      0xadf Src\stm32f1xx_hal_msp.o
 .debug_info    0x00024c22     0x1662 Src\stm32f1xx_it.o
 .debug_info    0x00026284      0xf16 Src\syscalls.o
 .debug_info    0x0002719a      0xc4a Src\system_stm32f1xx.o
 .debug_info    0x00027de4     0x1456 Src\tim.o
 .debug_info    0x0002923a     0x165f Src\usart.o
 .debug_info    0x0002a899       0x6f startup\startup_stm32f103xe.o

.debug_abbrev   0x00000000     0x50a2
 .debug_abbrev  0x00000000      0x2b8 Drivers\STM32F1xx_HAL_Driver\Src\stm32f1xx_hal.o
 .debug_abbrev  0x000002b8      0x232 Drivers\STM32F1xx_HAL_Driver\Src\stm32f1xx_hal_adc.o
 .debug_abbrev  0x000004ea      0x2d8 Drivers\STM32F1xx_HAL_Driver\Src\stm32f1xx_hal_can.o
 .debug_abbrev  0x000007c2      0x368 Drivers\STM32F1xx_HAL_Driver\Src\stm32f1xx_hal_cortex.o
 .debug_abbrev  0x00000b2a      0x26a Drivers\STM32F1xx_HAL_Driver\Src\stm32f1xx_hal_dma.o
 .debug_abbrev  0x00000d94      0x24c Drivers\STM32F1xx_HAL_Driver\Src\stm32f1xx_hal_gpio.o
 .debug_abbrev  0x00000fe0      0x2a5 Drivers\STM32F1xx_HAL_Driver\Src\stm32f1xx_hal_i2c.o
 .debug_abbrev  0x00001285      0x2e6 Drivers\STM32F1xx_HAL_Driver\Src\stm32f1xx_hal_rcc.o
 .debug_abbrev  0x0000156b      0x223 Drivers\STM32F1xx_HAL_Driver\Src\stm32f1xx_hal_rcc_ex.o
 .debug_abbrev  0x0000178e      0x2ab Drivers\STM32F1xx_HAL_Driver\Src\stm32f1xx_hal_tim.o
 .debug_abbrev  0x00001a39      0x288 Drivers\STM32F1xx_HAL_Driver\Src\stm32f1xx_hal_tim_ex.o
 .debug_abbrev  0x00001cc1      0x2ae Drivers\STM32F1xx_HAL_Driver\Src\stm32f1xx_hal_uart.o
 .debug_abbrev  0x00001f6f      0x1ae Src\BH1750.o
 .debug_abbrev  0x0000211d      0x250 Src\CanAnalysis.o
 .debug_abbrev  0x0000236d      0x209 Src\FilterAlgorithm.o
 .debug_abbrev  0x00002576      0x232 Src\Gas.o
 .debug_abbrev  0x000027a8      0x214 Src\HardwareInit.o
 .debug_abbrev  0x000029bc      0x19d Src\Led.o
 .debug_abbrev  0x00002b59      0x2e9 Src\LoraNode.o
 .debug_abbrev  0x00002e42      0x1f1 Src\NTC.o
 .debug_abbrev  0x00003033      0x26a Src\RS485Analysis.o
 .debug_abbrev  0x0000329d      0x229 Src\SHT30.o
 .debug_abbrev  0x000034c6      0x21a Src\SensorAnalysis.o
 .debug_abbrev  0x000036e0      0x25b Src\adc.o
 .debug_abbrev  0x0000393b      0x27a Src\can.o
 .debug_abbrev  0x00003bb5      0x1c9 Src\dma.o
 .debug_abbrev  0x00003d7e      0x1c0 Src\gpio.o
 .debug_abbrev  0x00003f3e      0x1f6 Src\i2c.o
 .debug_abbrev  0x00004134      0x24f Src\main.o
 .debug_abbrev  0x00004383      0x1c0 Src\stm32f1xx_hal_msp.o
 .debug_abbrev  0x00004543      0x21d Src\stm32f1xx_it.o
 .debug_abbrev  0x00004760      0x271 Src\syscalls.o
 .debug_abbrev  0x000049d1      0x1eb Src\system_stm32f1xx.o
 .debug_abbrev  0x00004bbc      0x21d Src\tim.o
 .debug_abbrev  0x00004dd9      0x2b7 Src\usart.o
 .debug_abbrev  0x00005090       0x12 startup\startup_stm32f103xe.o

.debug_aranges  0x00000000     0x1548
 .debug_aranges
                0x00000000       0xd0 Drivers\STM32F1xx_HAL_Driver\Src\stm32f1xx_hal.o
 .debug_aranges
                0x000000d0       0xf0 Drivers\STM32F1xx_HAL_Driver\Src\stm32f1xx_hal_adc.o
 .debug_aranges
                0x000001c0      0x138 Drivers\STM32F1xx_HAL_Driver\Src\stm32f1xx_hal_can.o
 .debug_aranges
                0x000002f8      0x100 Drivers\STM32F1xx_HAL_Driver\Src\stm32f1xx_hal_cortex.o
 .debug_aranges
                0x000003f8       0x80 Drivers\STM32F1xx_HAL_Driver\Src\stm32f1xx_hal_dma.o
 .debug_aranges
                0x00000478       0x58 Drivers\STM32F1xx_HAL_Driver\Src\stm32f1xx_hal_gpio.o
 .debug_aranges
                0x000004d0      0x268 Drivers\STM32F1xx_HAL_Driver\Src\stm32f1xx_hal_i2c.o
 .debug_aranges
                0x00000738       0x90 Drivers\STM32F1xx_HAL_Driver\Src\stm32f1xx_hal_rcc.o
 .debug_aranges
                0x000007c8       0x30 Drivers\STM32F1xx_HAL_Driver\Src\stm32f1xx_hal_rcc_ex.o
 .debug_aranges
                0x000007f8      0x368 Drivers\STM32F1xx_HAL_Driver\Src\stm32f1xx_hal_tim.o
 .debug_aranges
                0x00000b60      0x138 Drivers\STM32F1xx_HAL_Driver\Src\stm32f1xx_hal_tim_ex.o
 .debug_aranges
                0x00000c98      0x1d0 Drivers\STM32F1xx_HAL_Driver\Src\stm32f1xx_hal_uart.o
 .debug_aranges
                0x00000e68       0x28 Src\BH1750.o
 .debug_aranges
                0x00000e90       0x38 Src\CanAnalysis.o
 .debug_aranges
                0x00000ec8       0x28 Src\FilterAlgorithm.o
 .debug_aranges
                0x00000ef0       0x40 Src\Gas.o
 .debug_aranges
                0x00000f30       0x40 Src\HardwareInit.o
 .debug_aranges
                0x00000f70       0x30 Src\Led.o
 .debug_aranges
                0x00000fa0       0x88 Src\LoraNode.o
 .debug_aranges
                0x00001028       0x28 Src\NTC.o
 .debug_aranges
                0x00001050       0x58 Src\RS485Analysis.o
 .debug_aranges
                0x000010a8       0x40 Src\SHT30.o
 .debug_aranges
                0x000010e8       0x30 Src\SensorAnalysis.o
 .debug_aranges
                0x00001118       0x60 Src\adc.o
 .debug_aranges
                0x00001178       0x48 Src\can.o
 .debug_aranges
                0x000011c0       0x20 Src\dma.o
 .debug_aranges
                0x000011e0       0x20 Src\gpio.o
 .debug_aranges
                0x00001200       0x30 Src\i2c.o
 .debug_aranges
                0x00001230       0x38 Src\main.o
 .debug_aranges
                0x00001268       0x20 Src\stm32f1xx_hal_msp.o
 .debug_aranges
                0x00001288       0xd0 Src\stm32f1xx_it.o
 .debug_aranges
                0x00001358       0xb0 Src\syscalls.o
 .debug_aranges
                0x00001408       0x28 Src\system_stm32f1xx.o
 .debug_aranges
                0x00001430       0x50 Src\tim.o
 .debug_aranges
                0x00001480       0xa0 Src\usart.o
 .debug_aranges
                0x00001520       0x28 startup\startup_stm32f103xe.o

.debug_ranges   0x00000000     0x1310
 .debug_ranges  0x00000000       0xc0 Drivers\STM32F1xx_HAL_Driver\Src\stm32f1xx_hal.o
 .debug_ranges  0x000000c0       0xe0 Drivers\STM32F1xx_HAL_Driver\Src\stm32f1xx_hal_adc.o
 .debug_ranges  0x000001a0      0x128 Drivers\STM32F1xx_HAL_Driver\Src\stm32f1xx_hal_can.o
 .debug_ranges  0x000002c8       0xf0 Drivers\STM32F1xx_HAL_Driver\Src\stm32f1xx_hal_cortex.o
 .debug_ranges  0x000003b8       0x70 Drivers\STM32F1xx_HAL_Driver\Src\stm32f1xx_hal_dma.o
 .debug_ranges  0x00000428       0x48 Drivers\STM32F1xx_HAL_Driver\Src\stm32f1xx_hal_gpio.o
 .debug_ranges  0x00000470      0x258 Drivers\STM32F1xx_HAL_Driver\Src\stm32f1xx_hal_i2c.o
 .debug_ranges  0x000006c8       0x80 Drivers\STM32F1xx_HAL_Driver\Src\stm32f1xx_hal_rcc.o
 .debug_ranges  0x00000748       0x20 Drivers\STM32F1xx_HAL_Driver\Src\stm32f1xx_hal_rcc_ex.o
 .debug_ranges  0x00000768      0x358 Drivers\STM32F1xx_HAL_Driver\Src\stm32f1xx_hal_tim.o
 .debug_ranges  0x00000ac0      0x128 Drivers\STM32F1xx_HAL_Driver\Src\stm32f1xx_hal_tim_ex.o
 .debug_ranges  0x00000be8      0x1c0 Drivers\STM32F1xx_HAL_Driver\Src\stm32f1xx_hal_uart.o
 .debug_ranges  0x00000da8       0x18 Src\BH1750.o
 .debug_ranges  0x00000dc0       0x28 Src\CanAnalysis.o
 .debug_ranges  0x00000de8       0x18 Src\FilterAlgorithm.o
 .debug_ranges  0x00000e00       0x30 Src\Gas.o
 .debug_ranges  0x00000e30       0x30 Src\HardwareInit.o
 .debug_ranges  0x00000e60       0x20 Src\Led.o
 .debug_ranges  0x00000e80       0x78 Src\LoraNode.o
 .debug_ranges  0x00000ef8       0x18 Src\NTC.o
 .debug_ranges  0x00000f10       0x48 Src\RS485Analysis.o
 .debug_ranges  0x00000f58       0x30 Src\SHT30.o
 .debug_ranges  0x00000f88       0x20 Src\SensorAnalysis.o
 .debug_ranges  0x00000fa8       0x50 Src\adc.o
 .debug_ranges  0x00000ff8       0x38 Src\can.o
 .debug_ranges  0x00001030       0x10 Src\dma.o
 .debug_ranges  0x00001040       0x10 Src\gpio.o
 .debug_ranges  0x00001050       0x20 Src\i2c.o
 .debug_ranges  0x00001070       0x28 Src\main.o
 .debug_ranges  0x00001098       0x10 Src\stm32f1xx_hal_msp.o
 .debug_ranges  0x000010a8       0xc0 Src\stm32f1xx_it.o
 .debug_ranges  0x00001168       0xa0 Src\syscalls.o
 .debug_ranges  0x00001208       0x18 Src\system_stm32f1xx.o
 .debug_ranges  0x00001220       0x40 Src\tim.o
 .debug_ranges  0x00001260       0x90 Src\usart.o
 .debug_ranges  0x000012f0       0x20 startup\startup_stm32f103xe.o

.debug_line     0x00000000     0xc1b1
 .debug_line    0x00000000      0x45e Drivers\STM32F1xx_HAL_Driver\Src\stm32f1xx_hal.o
 .debug_line    0x0000045e      0x822 Drivers\STM32F1xx_HAL_Driver\Src\stm32f1xx_hal_adc.o
 .debug_line    0x00000c80      0x77d Drivers\STM32F1xx_HAL_Driver\Src\stm32f1xx_hal_can.o
 .debug_line    0x000013fd      0x545 Drivers\STM32F1xx_HAL_Driver\Src\stm32f1xx_hal_cortex.o
 .debug_line    0x00001942      0xb8c Drivers\STM32F1xx_HAL_Driver\Src\stm32f1xx_hal_dma.o
 .debug_line    0x000024ce      0x4e5 Drivers\STM32F1xx_HAL_Driver\Src\stm32f1xx_hal_gpio.o
 .debug_line    0x000029b3     0x13a4 Drivers\STM32F1xx_HAL_Driver\Src\stm32f1xx_hal_i2c.o
 .debug_line    0x00003d57      0x5af Drivers\STM32F1xx_HAL_Driver\Src\stm32f1xx_hal_rcc.o
 .debug_line    0x00004306      0x38d Drivers\STM32F1xx_HAL_Driver\Src\stm32f1xx_hal_rcc_ex.o
 .debug_line    0x00004693     0x141b Drivers\STM32F1xx_HAL_Driver\Src\stm32f1xx_hal_tim.o
 .debug_line    0x00005aae      0x872 Drivers\STM32F1xx_HAL_Driver\Src\stm32f1xx_hal_tim_ex.o
 .debug_line    0x00006320      0xbad Drivers\STM32F1xx_HAL_Driver\Src\stm32f1xx_hal_uart.o
 .debug_line    0x00006ecd      0x302 Src\BH1750.o
 .debug_line    0x000071cf      0x34d Src\CanAnalysis.o
 .debug_line    0x0000751c      0x342 Src\FilterAlgorithm.o
 .debug_line    0x0000785e      0x360 Src\Gas.o
 .debug_line    0x00007bbe      0x39e Src\HardwareInit.o
 .debug_line    0x00007f5c      0x2b1 Src\Led.o
 .debug_line    0x0000820d      0x4a3 Src\LoraNode.o
 .debug_line    0x000086b0      0x33d Src\NTC.o
 .debug_line    0x000089ed      0x470 Src\RS485Analysis.o
 .debug_line    0x00008e5d      0x3a0 Src\SHT30.o
 .debug_line    0x000091fd      0x3ae Src\SensorAnalysis.o
 .debug_line    0x000095ab      0x428 Src\adc.o
 .debug_line    0x000099d3      0x3b0 Src\can.o
 .debug_line    0x00009d83      0x279 Src\dma.o
 .debug_line    0x00009ffc      0x2b1 Src\gpio.o
 .debug_line    0x0000a2ad      0x315 Src\i2c.o
 .debug_line    0x0000a5c2      0x467 Src\main.o
 .debug_line    0x0000aa29      0x283 Src\stm32f1xx_hal_msp.o
 .debug_line    0x0000acac      0x4a9 Src\stm32f1xx_it.o
 .debug_line    0x0000b155      0x3e0 Src\syscalls.o
 .debug_line    0x0000b535      0x2cc Src\system_stm32f1xx.o
 .debug_line    0x0000b801      0x3db Src\tim.o
 .debug_line    0x0000bbdc      0x558 Src\usart.o
 .debug_line    0x0000c134       0x7d startup\startup_stm32f103xe.o

.debug_str      0x00000000     0x62dd
 .debug_str     0x00000000      0xc42 Drivers\STM32F1xx_HAL_Driver\Src\stm32f1xx_hal.o
                                0xd04 (size before relaxing)
 .debug_str     0x00000c42      0x601 Drivers\STM32F1xx_HAL_Driver\Src\stm32f1xx_hal_adc.o
                                0xd18 (size before relaxing)
 .debug_str     0x00001243      0x7cd Drivers\STM32F1xx_HAL_Driver\Src\stm32f1xx_hal_can.o
                                0xf14 (size before relaxing)
 .debug_str     0x00001a10      0x2f4 Drivers\STM32F1xx_HAL_Driver\Src\stm32f1xx_hal_cortex.o
                                0xe71 (size before relaxing)
 .debug_str     0x00001d04      0x235 Drivers\STM32F1xx_HAL_Driver\Src\stm32f1xx_hal_dma.o
                                0xae5 (size before relaxing)
 .debug_str     0x00001f39      0x1cb Drivers\STM32F1xx_HAL_Driver\Src\stm32f1xx_hal_gpio.o
                                0x8fa (size before relaxing)
 .debug_str     0x00002104      0xa50 Drivers\STM32F1xx_HAL_Driver\Src\stm32f1xx_hal_i2c.o
                               0x134d (size before relaxing)
 .debug_str     0x00002b54      0x305 Drivers\STM32F1xx_HAL_Driver\Src\stm32f1xx_hal_rcc.o
                                0xaaa (size before relaxing)
 .debug_str     0x00002e59      0x151 Drivers\STM32F1xx_HAL_Driver\Src\stm32f1xx_hal_rcc_ex.o
                                0x8ba (size before relaxing)
 .debug_str     0x00002faa      0xecf Drivers\STM32F1xx_HAL_Driver\Src\stm32f1xx_hal_tim.o
                               0x17d4 (size before relaxing)
 .debug_str     0x00003e79      0x527 Drivers\STM32F1xx_HAL_Driver\Src\stm32f1xx_hal_tim_ex.o
                               0x1071 (size before relaxing)
 .debug_str     0x000043a0      0x6b9 Drivers\STM32F1xx_HAL_Driver\Src\stm32f1xx_hal_uart.o
                                0xfdc (size before relaxing)
 .debug_str     0x00004a59      0x1ae Src\BH1750.o
                                0xc9f (size before relaxing)
 .debug_str     0x00004c07      0x325 Src\CanAnalysis.o
                                0xdb7 (size before relaxing)
 .debug_str     0x00004f2c      0x145 Src\FilterAlgorithm.o
                                0xb45 (size before relaxing)
 .debug_str     0x00005071       0xd8 Src\Gas.o
                                0xc86 (size before relaxing)
 .debug_str     0x00005149       0xde Src\HardwareInit.o
                                0xe49 (size before relaxing)
 .debug_str     0x00005227       0x3a Src\Led.o
                                0x6f4 (size before relaxing)
 .debug_str     0x00005261      0x180 Src\LoraNode.o
                                0xcea (size before relaxing)
 .debug_str     0x000053e1       0x66 Src\NTC.o
                                0xae8 (size before relaxing)
 .debug_str     0x00005447      0x4b7 Src\RS485Analysis.o
                               0x10da (size before relaxing)
 .debug_str     0x000058fe      0x102 Src\SHT30.o
                                0xf08 (size before relaxing)
 .debug_str     0x00005a00       0x6a Src\SensorAnalysis.o
                                0xf85 (size before relaxing)
 .debug_str     0x00005a6a       0xc4 Src\adc.o
                                0xc5f (size before relaxing)
 .debug_str     0x00005b2e       0x85 Src\can.o
                               0x1352 (size before relaxing)
 .debug_str     0x00005bb3       0x19 Src\dma.o
                                0xa8b (size before relaxing)
 .debug_str     0x00005bcc       0x1b Src\gpio.o
                                0x74c (size before relaxing)
 .debug_str     0x00005be7       0x24 Src\i2c.o
                                0xbd8 (size before relaxing)
 .debug_str     0x00005c0b       0x7f Src\main.o
                               0x1a04 (size before relaxing)
 .debug_str     0x00005c8a       0x1b Src\stm32f1xx_hal_msp.o
                                0x70e (size before relaxing)
 .debug_str     0x00005ca5      0x231 Src\stm32f1xx_it.o
                               0x111f (size before relaxing)
 .debug_str     0x00005ed6      0x234 Src\syscalls.o
                                0x82c (size before relaxing)
 .debug_str     0x0000610a       0x4d Src\system_stm32f1xx.o
                                0x763 (size before relaxing)
 .debug_str     0x00006157       0x5c Src\tim.o
                               0x1113 (size before relaxing)
 .debug_str     0x000061b3      0x12a Src\usart.o
                               0x10f5 (size before relaxing)

.comment        0x00000000       0x7c
 .comment       0x00000000       0x7c Drivers\STM32F1xx_HAL_Driver\Src\stm32f1xx_hal.o
                                 0x7d (size before relaxing)
 .comment       0x0000007c       0x7d Drivers\STM32F1xx_HAL_Driver\Src\stm32f1xx_hal_adc.o
 .comment       0x0000007c       0x7d Drivers\STM32F1xx_HAL_Driver\Src\stm32f1xx_hal_can.o
 .comment       0x0000007c       0x7d Drivers\STM32F1xx_HAL_Driver\Src\stm32f1xx_hal_cortex.o
 .comment       0x0000007c       0x7d Drivers\STM32F1xx_HAL_Driver\Src\stm32f1xx_hal_dma.o
 .comment       0x0000007c       0x7d Drivers\STM32F1xx_HAL_Driver\Src\stm32f1xx_hal_gpio.o
 .comment       0x0000007c       0x7d Drivers\STM32F1xx_HAL_Driver\Src\stm32f1xx_hal_i2c.o
 .comment       0x0000007c       0x7d Drivers\STM32F1xx_HAL_Driver\Src\stm32f1xx_hal_rcc.o
 .comment       0x0000007c       0x7d Drivers\STM32F1xx_HAL_Driver\Src\stm32f1xx_hal_rcc_ex.o
 .comment       0x0000007c       0x7d Drivers\STM32F1xx_HAL_Driver\Src\stm32f1xx_hal_tim.o
 .comment       0x0000007c       0x7d Drivers\STM32F1xx_HAL_Driver\Src\stm32f1xx_hal_tim_ex.o
 .comment       0x0000007c       0x7d Drivers\STM32F1xx_HAL_Driver\Src\stm32f1xx_hal_uart.o
 .comment       0x0000007c       0x7d Src\BH1750.o
 .comment       0x0000007c       0x7d Src\CanAnalysis.o
 .comment       0x0000007c       0x7d Src\FilterAlgorithm.o
 .comment       0x0000007c       0x7d Src\Gas.o
 .comment       0x0000007c       0x7d Src\HardwareInit.o
 .comment       0x0000007c       0x7d Src\Led.o
 .comment       0x0000007c       0x7d Src\LoraNode.o
 .comment       0x0000007c       0x7d Src\NTC.o
 .comment       0x0000007c       0x7d Src\RS485Analysis.o
 .comment       0x0000007c       0x7d Src\SHT30.o
 .comment       0x0000007c       0x7d Src\SensorAnalysis.o
 .comment       0x0000007c       0x7d Src\adc.o
 .comment       0x0000007c       0x7d Src\can.o
 .comment       0x0000007c       0x7d Src\dma.o
 .comment       0x0000007c       0x7d Src\gpio.o
 .comment       0x0000007c       0x7d Src\i2c.o
 .comment       0x0000007c       0x7d Src\main.o
 .comment       0x0000007c       0x7d Src\stm32f1xx_hal_msp.o
 .comment       0x0000007c       0x7d Src\stm32f1xx_it.o
 .comment       0x0000007c       0x7d Src\syscalls.o
 .comment       0x0000007c       0x7d Src\system_stm32f1xx.o
 .comment       0x0000007c       0x7d Src\tim.o
 .comment       0x0000007c       0x7d Src\usart.o

.debug_frame    0x00000000     0x5b70
 .debug_frame   0x00000000      0x2fc Drivers\STM32F1xx_HAL_Driver\Src\stm32f1xx_hal.o
 .debug_frame   0x000002fc      0x410 Drivers\STM32F1xx_HAL_Driver\Src\stm32f1xx_hal_adc.o
 .debug_frame   0x0000070c      0x5a0 Drivers\STM32F1xx_HAL_Driver\Src\stm32f1xx_hal_can.o
 .debug_frame   0x00000cac      0x428 Drivers\STM32F1xx_HAL_Driver\Src\stm32f1xx_hal_cortex.o
 .debug_frame   0x000010d4      0x20c Drivers\STM32F1xx_HAL_Driver\Src\stm32f1xx_hal_dma.o
 .debug_frame   0x000012e0      0x14c Drivers\STM32F1xx_HAL_Driver\Src\stm32f1xx_hal_gpio.o
 .debug_frame   0x0000142c      0xb30 Drivers\STM32F1xx_HAL_Driver\Src\stm32f1xx_hal_i2c.o
 .debug_frame   0x00001f5c      0x21c Drivers\STM32F1xx_HAL_Driver\Src\stm32f1xx_hal_rcc.o
 .debug_frame   0x00002178       0x84 Drivers\STM32F1xx_HAL_Driver\Src\stm32f1xx_hal_rcc_ex.o
 .debug_frame   0x000021fc      0xfb4 Drivers\STM32F1xx_HAL_Driver\Src\stm32f1xx_hal_tim.o
 .debug_frame   0x000031b0      0x54c Drivers\STM32F1xx_HAL_Driver\Src\stm32f1xx_hal_tim_ex.o
 .debug_frame   0x000036fc      0x83c Drivers\STM32F1xx_HAL_Driver\Src\stm32f1xx_hal_uart.o
 .debug_frame   0x00003f38       0x5c Src\BH1750.o
 .debug_frame   0x00003f94       0xa4 Src\CanAnalysis.o
 .debug_frame   0x00004038       0x5c Src\FilterAlgorithm.o
 .debug_frame   0x00004094       0xac Src\Gas.o
 .debug_frame   0x00004140       0xb4 Src\HardwareInit.o
 .debug_frame   0x000041f4       0x64 Src\Led.o
 .debug_frame   0x00004258      0x214 Src\LoraNode.o
 .debug_frame   0x0000446c       0x5c Src\NTC.o
 .debug_frame   0x000044c8      0x130 Src\RS485Analysis.o
 .debug_frame   0x000045f8       0xc8 Src\SHT30.o
 .debug_frame   0x000046c0       0x70 Src\SensorAnalysis.o