usart.c:47:6:MX_UART4_Init	8	static
usart.c:66:6:MX_USART1_UART_Init	8	static
usart.c:85:6:MX_USART2_UART_Init	8	static
usart.c:104:6:MX_USART3_UART_Init	8	static
usart.c:122:6:HAL_UART_MspInit	64	static
usart.c:342:6:HAL_UART_MspDeInit	16	static
usart.c:443:6:UART_IT_IDLE_InitAll	8	static
usart.c:452:6:UART_IT_IDLE_Init	24	static
usart.c:468:6:UARTReceive_IDLECallback	32	static
usart.c:492:6:UART2_SendData	24	static
usart.c:501:6:UART2_SendByte	16	static
usart.c:507:6:UART2_SendString	16	static
usart.c:519:6:UART1_SendData	24	static
usart.c:528:6:UART1_SendByte	16	static
usart.c:534:6:UART1_SendString	16	static
usart.c:547:6:LoraUart_SendData	16	static
usart.c:553:6:PCUart_SendData	16	static
